    Blocking waiting for file lock on package cache
    Blocking waiting for file lock on package cache
    Blocking waiting for file lock on package cache
    Blocking waiting for file lock on package cache
    Blocking waiting for file lock on shared package cache
    Blocking waiting for file lock on build directory
    Finished `release` profile [optimized + debuginfo] target(s) in 0.28s
warning: the following packages contain code that will be rejected by a future version of Rust: halo2_gadgets v0.5.0, primitive-types v0.12.2
note: to see what the problems were, use the option `--future-incompat-report`, or run `cargo report future-incompatibilities --id 1`
    Blocking waiting for file lock on package cache
    Blocking waiting for file lock on package cache
    Blocking waiting for file lock on package cache
    Blocking waiting for file lock on package cache
    Blocking waiting for file lock on build directory
    Finished `release` profile [optimized + debuginfo] target(s) in 0.27s
warning: the following packages contain code that will be rejected by a future version of Rust: halo2_gadgets v0.5.0, primitive-types v0.12.2
note: to see what the problems were, use the option `--future-incompat-report`, or run `cargo report future-incompatibilities --id 1`
     Running `fuzz/target/x86_64-unknown-linux-gnu/release/bundle_decode -artifact_prefix=/home/blocknodes/ztreexo/fuzz/artifacts/bundle_decode/ -max_total_time=259200 -rss_limit_mb=4096 -print_final_stats=1 /home/blocknodes/ztreexo/fuzz/corpus/bundle_decode`
INFO: Running with entropic power schedule (0xFF, 100).
INFO: Seed: 3556692169
INFO: Loaded 1 modules   (3451 inline 8-bit counters): 3451 [0x63bd3e995570, 0x63bd3e9962eb), 
INFO: Loaded 1 PC tables (3451 PCs): 3451 [0x63bd3e9962f0,0x63bd3e9a3aa0), 
INFO:      222 files found in /home/blocknodes/ztreexo/fuzz/corpus/bundle_decode
INFO: -max_len is not provided; libFuzzer will not generate inputs larger than 4096 bytes
INFO: seed corpus: files: 222 min: 1b max: 4083b total: 92617b rss: 57Mb
#223	INITED cov: 781 ft: 2383 corp: 180/58Kb exec/s: 0 rss: 57Mb
#258	REDUCE cov: 781 ft: 2383 corp: 180/58Kb lim: 4083 exec/s: 0 rss: 57Mb L: 2018/4083 MS: 5 InsertRepeatedBytes-ChangeBit-CrossOver-ChangeBit-EraseBytes-
#2797	REDUCE cov: 781 ft: 2383 corp: 180/58Kb lim: 4096 exec/s: 0 rss: 57Mb L: 242/4083 MS: 4 InsertRepeatedBytes-ChangeBinInt-InsertRepeatedBytes-EraseBytes-
#4497	REDUCE cov: 781 ft: 2383 corp: 180/58Kb lim: 4096 exec/s: 0 rss: 60Mb L: 373/4083 MS: 5 ChangeByte-CrossOver-ChangeASCIIInt-CMP-EraseBytes- DE: "\377\377\377\377"-
#5714	REDUCE cov: 781 ft: 2383 corp: 180/58Kb lim: 4096 exec/s: 0 rss: 63Mb L: 997/4083 MS: 2 ChangeBinInt-EraseBytes-
#6803	REDUCE cov: 781 ft: 2383 corp: 180/58Kb lim: 4096 exec/s: 0 rss: 67Mb L: 1924/4083 MS: 4 InsertRepeatedBytes-CrossOver-ChangeBit-CrossOver-
#8585	REDUCE cov: 781 ft: 2383 corp: 180/58Kb lim: 4096 exec/s: 0 rss: 72Mb L: 3246/4083 MS: 2 ChangeByte-EraseBytes-
#9937	REDUCE cov: 781 ft: 2383 corp: 180/58Kb lim: 4096 exec/s: 0 rss: 77Mb L: 332/4083 MS: 2 PersAutoDict-EraseBytes- DE: "\377\377\377\377"-
#10553	NEW    cov: 781 ft: 2384 corp: 181/58Kb lim: 4096 exec/s: 0 rss: 79Mb L: 39/4083 MS: 1 ShuffleBytes-
#13529	REDUCE cov: 781 ft: 2384 corp: 181/58Kb lim: 4096 exec/s: 0 rss: 88Mb L: 424/4083 MS: 1 EraseBytes-
#13830	REDUCE cov: 781 ft: 2384 corp: 181/58Kb lim: 4096 exec/s: 0 rss: 88Mb L: 1849/4083 MS: 1 EraseBytes-
#16501	REDUCE cov: 781 ft: 2384 corp: 181/58Kb lim: 4096 exec/s: 0 rss: 95Mb L: 7/4083 MS: 1 EraseBytes-
#16679	REDUCE cov: 781 ft: 2384 corp: 181/57Kb lim: 4096 exec/s: 0 rss: 96Mb L: 4/4083 MS: 3 InsertByte-ChangeByte-EraseBytes-
#17900	REDUCE cov: 781 ft: 2384 corp: 181/57Kb lim: 4096 exec/s: 0 rss: 99Mb L: 2/4083 MS: 1 EraseBytes-
#18641	REDUCE cov: 781 ft: 2384 corp: 181/57Kb lim: 4096 exec/s: 0 rss: 101Mb L: 1/4083 MS: 1 EraseBytes-
#20804	REDUCE cov: 781 ft: 2384 corp: 181/57Kb lim: 4096 exec/s: 0 rss: 107Mb L: 64/4083 MS: 3 ChangeASCIIInt-ChangeBinInt-EraseBytes-
#38395	REDUCE cov: 781 ft: 2384 corp: 181/57Kb lim: 4096 exec/s: 38395 rss: 158Mb L: 236/4083 MS: 1 EraseBytes-
#52097	REDUCE cov: 781 ft: 2384 corp: 181/57Kb lim: 4096 exec/s: 52097 rss: 197Mb L: 216/4083 MS: 2 CopyPart-EraseBytes-
#54750	NEW    cov: 781 ft: 2385 corp: 182/58Kb lim: 4096 exec/s: 54750 rss: 205Mb L: 354/4083 MS: 3 ShuffleBytes-InsertRepeatedBytes-InsertByte-
#65536	pulse  cov: 781 ft: 2385 corp: 182/58Kb lim: 4096 exec/s: 32768 rss: 234Mb
#70643	REDUCE cov: 781 ft: 2385 corp: 182/58Kb lim: 4096 exec/s: 35321 rss: 236Mb L: 2341/4083 MS: 2 ChangeBinInt-EraseBytes-
#72750	REDUCE cov: 781 ft: 2385 corp: 182/58Kb lim: 4096 exec/s: 36375 rss: 237Mb L: 233/4083 MS: 2 EraseBytes-CrossOver-
#77018	REDUCE cov: 781 ft: 2385 corp: 182/58Kb lim: 4096 exec/s: 38509 rss: 238Mb L: 70/4083 MS: 3 ChangeBinInt-ShuffleBytes-EraseBytes-
#83629	REDUCE cov: 781 ft: 2385 corp: 182/58Kb lim: 4096 exec/s: 41814 rss: 240Mb L: 308/4083 MS: 1 EraseBytes-
#86665	REDUCE cov: 781 ft: 2385 corp: 182/58Kb lim: 4096 exec/s: 28888 rss: 241Mb L: 128/4083 MS: 1 EraseBytes-
#91017	REDUCE cov: 781 ft: 2385 corp: 182/58Kb lim: 4096 exec/s: 30339 rss: 241Mb L: 63/4083 MS: 2 ShuffleBytes-EraseBytes-
#93778	REDUCE cov: 781 ft: 2385 corp: 182/58Kb lim: 4096 exec/s: 31259 rss: 242Mb L: 44/4083 MS: 1 EraseBytes-
#100662	REDUCE cov: 781 ft: 2385 corp: 182/58Kb lim: 4096 exec/s: 33554 rss: 242Mb L: 986/4083 MS: 4 EraseBytes-ChangeBinInt-ShuffleBytes-PersAutoDict- DE: "\377\377\377\377"-
#102256	NEW    cov: 782 ft: 2386 corp: 183/58Kb lim: 4096 exec/s: 34085 rss: 243Mb L: 438/4083 MS: 4 ShuffleBytes-ChangeBit-CMP-ChangeBit- DE: "\330\005\261\316\372\344?\221eF\013\274A\\\215O\030\367\362\245=\024\035\246\335\353h\273\333S\341\361"-
#104057	REDUCE cov: 782 ft: 2386 corp: 183/58Kb lim: 4096 exec/s: 34685 rss: 243Mb L: 50/4083 MS: 1 EraseBytes-
#123078	REDUCE cov: 782 ft: 2386 corp: 183/58Kb lim: 4096 exec/s: 30769 rss: 245Mb L: 231/4083 MS: 1 EraseBytes-
#131072	pulse  cov: 782 ft: 2386 corp: 183/58Kb lim: 4096 exec/s: 32768 rss: 245Mb
#133529	REDUCE cov: 782 ft: 2386 corp: 183/58Kb lim: 4096 exec/s: 33382 rss: 246Mb L: 64/4083 MS: 1 EraseBytes-
#134329	REDUCE cov: 782 ft: 2386 corp: 183/58Kb lim: 4096 exec/s: 33582 rss: 246Mb L: 269/4083 MS: 5 EraseBytes-InsertByte-PersAutoDict-ChangeBinInt-CopyPart- DE: "\330\005\261\316\372\344?\221eF\013\274A\\\215O\030\367\362\245=\024\035\246\335\353h\273\333S\341\361"-
#135272	REDUCE cov: 782 ft: 2386 corp: 183/58Kb lim: 4096 exec/s: 33818 rss: 246Mb L: 259/4083 MS: 3 InsertRepeatedBytes-InsertByte-EraseBytes-
#136151	REDUCE cov: 782 ft: 2386 corp: 183/58Kb lim: 4096 exec/s: 34037 rss: 246Mb L: 853/4083 MS: 4 InsertRepeatedBytes-ChangeByte-ShuffleBytes-CrossOver-
#140991	REDUCE cov: 782 ft: 2386 corp: 183/58Kb lim: 4096 exec/s: 35247 rss: 246Mb L: 254/4083 MS: 5 ChangeBinInt-InsertRepeatedBytes-CrossOver-ChangeBinInt-EraseBytes-
#151994	NEW    cov: 783 ft: 2393 corp: 184/58Kb lim: 4096 exec/s: 30398 rss: 246Mb L: 164/4083 MS: 1 EraseBytes-
#155066	REDUCE cov: 783 ft: 2393 corp: 184/58Kb lim: 4096 exec/s: 31013 rss: 246Mb L: 225/4083 MS: 2 ChangeByte-EraseBytes-
#155187	REDUCE cov: 783 ft: 2393 corp: 184/58Kb lim: 4096 exec/s: 31037 rss: 246Mb L: 34/4083 MS: 1 EraseBytes-
#189998	REDUCE cov: 783 ft: 2393 corp: 184/58Kb lim: 4096 exec/s: 31666 rss: 246Mb L: 61/4083 MS: 1 EraseBytes-
#190104	REDUCE cov: 783 ft: 2393 corp: 184/58Kb lim: 4096 exec/s: 31684 rss: 246Mb L: 52/4083 MS: 1 EraseBytes-
#196975	NEW    cov: 783 ft: 2394 corp: 185/58Kb lim: 4096 exec/s: 32829 rss: 246Mb L: 61/4083 MS: 1 ChangeBit-
#201911	REDUCE cov: 783 ft: 2394 corp: 185/58Kb lim: 4096 exec/s: 28844 rss: 246Mb L: 218/4083 MS: 1 EraseBytes-
#207792	REDUCE cov: 783 ft: 2394 corp: 185/58Kb lim: 4096 exec/s: 29684 rss: 246Mb L: 42/4083 MS: 1 EraseBytes-
#211703	REDUCE cov: 783 ft: 2394 corp: 185/58Kb lim: 4096 exec/s: 30243 rss: 246Mb L: 202/4083 MS: 1 EraseBytes-
#222858	REDUCE cov: 783 ft: 2394 corp: 185/58Kb lim: 4096 exec/s: 31836 rss: 246Mb L: 732/4083 MS: 5 ChangeBit-ShuffleBytes-ShuffleBytes-ChangeByte-EraseBytes-
#224139	REDUCE cov: 783 ft: 2394 corp: 185/58Kb lim: 4096 exec/s: 32019 rss: 246Mb L: 163/4083 MS: 1 EraseBytes-
#230380	REDUCE cov: 783 ft: 2394 corp: 185/58Kb lim: 4096 exec/s: 23038 rss: 246Mb L: 320/4083 MS: 1 EraseBytes-
#235132	REDUCE cov: 783 ft: 2394 corp: 185/58Kb lim: 4096 exec/s: 23513 rss: 246Mb L: 46/4083 MS: 2 ShuffleBytes-EraseBytes-
#235583	REDUCE cov: 783 ft: 2394 corp: 185/58Kb lim: 4096 exec/s: 23558 rss: 246Mb L: 193/4083 MS: 1 EraseBytes-
#237827	REDUCE cov: 783 ft: 2394 corp: 185/58Kb lim: 4096 exec/s: 23782 rss: 246Mb L: 304/4083 MS: 4 ShuffleBytes-ChangeBit-CrossOver-EraseBytes-
#250621	REDUCE cov: 783 ft: 2394 corp: 185/58Kb lim: 4096 exec/s: 25062 rss: 246Mb L: 316/4083 MS: 4 InsertRepeatedBytes-PersAutoDict-EraseBytes-PersAutoDict- DE: "\377\377\377\377"-"\330\005\261\316\372\344?\221eF\013\274A\\\215O\030\367\362\245=\024\035\246\335\353h\273\333S\341\361"-
#251088	NEW    cov: 783 ft: 2396 corp: 186/58Kb lim: 4096 exec/s: 25108 rss: 246Mb L: 67/4083 MS: 2 CopyPart-ChangeBit-
#259095	REDUCE cov: 783 ft: 2396 corp: 186/58Kb lim: 4096 exec/s: 23554 rss: 246Mb L: 137/4083 MS: 1 EraseBytes-
#260336	REDUCE cov: 783 ft: 2396 corp: 186/58Kb lim: 4096 exec/s: 23666 rss: 246Mb L: 820/4083 MS: 1 EraseBytes-
#262144	pulse  cov: 783 ft: 2396 corp: 186/58Kb lim: 4096 exec/s: 23831 rss: 246Mb
#264224	REDUCE cov: 783 ft: 2396 corp: 186/58Kb lim: 4096 exec/s: 24020 rss: 246Mb L: 695/4083 MS: 3 EraseBytes-CrossOver-CopyPart-
#275755	REDUCE cov: 783 ft: 2396 corp: 186/58Kb lim: 4096 exec/s: 25068 rss: 246Mb L: 190/4083 MS: 1 CrossOver-
#282367	REDUCE cov: 783 ft: 2396 corp: 186/58Kb lim: 4096 exec/s: 25669 rss: 246Mb L: 230/4083 MS: 2 CrossOver-EraseBytes-
#304085	REDUCE cov: 783 ft: 2396 corp: 186/58Kb lim: 4096 exec/s: 25340 rss: 246Mb L: 65/4083 MS: 1 EraseBytes-
#307862	REDUCE cov: 783 ft: 2396 corp: 186/58Kb lim: 4096 exec/s: 25655 rss: 246Mb L: 132/4083 MS: 2 ChangeBinInt-EraseBytes-
#314698	REDUCE cov: 783 ft: 2396 corp: 186/58Kb lim: 4096 exec/s: 26224 rss: 246Mb L: 35/4083 MS: 1 EraseBytes-
#319581	REDUCE cov: 783 ft: 2396 corp: 186/58Kb lim: 4096 exec/s: 26631 rss: 246Mb L: 294/4083 MS: 3 CopyPart-ChangeBinInt-EraseBytes-
#324947	NEW    cov: 783 ft: 2406 corp: 187/58Kb lim: 4096 exec/s: 27078 rss: 246Mb L: 61/4083 MS: 1 ChangeBit-
#327968	REDUCE cov: 783 ft: 2406 corp: 187/58Kb lim: 4096 exec/s: 27330 rss: 246Mb L: 1830/4083 MS: 1 EraseBytes-
#339815	REDUCE cov: 783 ft: 2406 corp: 187/58Kb lim: 4096 exec/s: 26139 rss: 246Mb L: 115/4083 MS: 2 EraseBytes-CrossOver-
#355149	REDUCE cov: 786 ft: 2415 corp: 188/58Kb lim: 4096 exec/s: 27319 rss: 246Mb L: 59/4083 MS: 4 ChangeBit-ShuffleBytes-ChangeBit-EraseBytes-
#361105	REDUCE cov: 786 ft: 2415 corp: 188/58Kb lim: 4096 exec/s: 27777 rss: 246Mb L: 682/4083 MS: 1 EraseBytes-
#365111	NEW    cov: 786 ft: 2416 corp: 189/58Kb lim: 4096 exec/s: 28085 rss: 246Mb L: 61/4083 MS: 1 CrossOver-
#369388	REDUCE cov: 786 ft: 2416 corp: 189/58Kb lim: 4096 exec/s: 28414 rss: 246Mb L: 849/4083 MS: 2 InsertByte-EraseBytes-
#378190	REDUCE cov: 786 ft: 2416 corp: 189/58Kb lim: 4096 exec/s: 29091 rss: 247Mb L: 55/4083 MS: 2 ChangeBit-EraseBytes-
#390006	REDUCE cov: 786 ft: 2416 corp: 189/58Kb lim: 4096 exec/s: 27857 rss: 247Mb L: 40/4083 MS: 1 EraseBytes-
#391812	REDUCE cov: 786 ft: 2416 corp: 189/58Kb lim: 4096 exec/s: 27986 rss: 247Mb L: 49/4083 MS: 1 EraseBytes-
#392293	REDUCE cov: 786 ft: 2416 corp: 189/58Kb lim: 4096 exec/s: 28020 rss: 247Mb L: 41/4083 MS: 1 EraseBytes-
#395530	REDUCE cov: 786 ft: 2416 corp: 189/58Kb lim: 4096 exec/s: 28252 rss: 247Mb L: 147/4083 MS: 2 ChangeBit-EraseBytes-
#417941	REDUCE cov: 786 ft: 2416 corp: 189/58Kb lim: 4096 exec/s: 29852 rss: 248Mb L: 460/4083 MS: 1 EraseBytes-
#420957	NEW    cov: 786 ft: 2417 corp: 190/59Kb lim: 4096 exec/s: 30068 rss: 250Mb L: 1530/4083 MS: 1 CrossOver-
#421823	NEW    cov: 786 ft: 2423 corp: 191/59Kb lim: 4096 exec/s: 30130 rss: 250Mb L: 67/4083 MS: 1 ChangeByte-
#423954	REDUCE cov: 786 ft: 2423 corp: 191/59Kb lim: 4096 exec/s: 30282 rss: 250Mb L: 1505/4083 MS: 1 EraseBytes-
#432135	REDUCE cov: 786 ft: 2423 corp: 191/59Kb lim: 4096 exec/s: 30866 rss: 253Mb L: 530/4083 MS: 1 EraseBytes-
#448201	REDUCE cov: 786 ft: 2423 corp: 191/59Kb lim: 4096 exec/s: 29880 rss: 256Mb L: 40/4083 MS: 1 EraseBytes-
#449173	REDUCE cov: 786 ft: 2423 corp: 191/59Kb lim: 4096 exec/s: 29944 rss: 256Mb L: 1492/4083 MS: 2 ChangeBinInt-EraseBytes-
#458170	REDUCE cov: 786 ft: 2423 corp: 191/59Kb lim: 4096 exec/s: 30544 rss: 256Mb L: 638/4083 MS: 2 ShuffleBytes-EraseBytes-
#468306	REDUCE cov: 786 ft: 2423 corp: 191/59Kb lim: 4096 exec/s: 31220 rss: 256Mb L: 709/4083 MS: 1 EraseBytes-
#477637	REDUCE cov: 786 ft: 2423 corp: 191/59Kb lim: 4096 exec/s: 31842 rss: 256Mb L: 1184/4083 MS: 1 EraseBytes-
#482883	REDUCE cov: 786 ft: 2423 corp: 191/59Kb lim: 4096 exec/s: 30180 rss: 256Mb L: 45/4083 MS: 1 EraseBytes-
#490574	REDUCE cov: 786 ft: 2423 corp: 191/59Kb lim: 4096 exec/s: 30660 rss: 257Mb L: 60/4083 MS: 1 EraseBytes-
#524288	pulse  cov: 786 ft: 2423 corp: 191/59Kb lim: 4096 exec/s: 32768 rss: 258Mb
#528492	REDUCE cov: 786 ft: 2423 corp: 191/59Kb lim: 4096 exec/s: 31087 rss: 258Mb L: 1173/4083 MS: 3 ShuffleBytes-ChangeByte-EraseBytes-
#561943	REDUCE cov: 786 ft: 2425 corp: 192/59Kb lim: 4096 exec/s: 33055 rss: 260Mb L: 170/4083 MS: 1 CrossOver-
#563335	REDUCE cov: 786 ft: 2425 corp: 192/59Kb lim: 4096 exec/s: 33137 rss: 260Mb L: 157/4083 MS: 2 ChangeByte-EraseBytes-
#566159	REDUCE cov: 786 ft: 2425 corp: 192/59Kb lim: 4096 exec/s: 33303 rss: 260Mb L: 130/4083 MS: 4 ShuffleBytes-ChangeBit-ShuffleBytes-EraseBytes-
#567665	REDUCE cov: 786 ft: 2425 corp: 192/59Kb lim: 4096 exec/s: 33392 rss: 260Mb L: 107/4083 MS: 1 CrossOver-
#575246	REDUCE cov: 786 ft: 2425 corp: 192/59Kb lim: 4096 exec/s: 33838 rss: 265Mb L: 106/4083 MS: 1 EraseBytes-
#577244	REDUCE cov: 786 ft: 2425 corp: 192/59Kb lim: 4096 exec/s: 32069 rss: 265Mb L: 128/4083 MS: 3 ChangeASCIIInt-CopyPart-EraseBytes-
#584230	REDUCE cov: 786 ft: 2425 corp: 192/59Kb lim: 4096 exec/s: 32457 rss: 268Mb L: 63/4083 MS: 1 EraseBytes-
#584651	REDUCE cov: 786 ft: 2425 corp: 192/59Kb lim: 4096 exec/s: 32480 rss: 269Mb L: 104/4083 MS: 1 EraseBytes-
#586113	REDUCE cov: 786 ft: 2425 corp: 192/59Kb lim: 4096 exec/s: 32561 rss: 270Mb L: 71/4083 MS: 2 CopyPart-EraseBytes-
#609309	REDUCE cov: 786 ft: 2425 corp: 192/59Kb lim: 4096 exec/s: 33850 rss: 281Mb L: 59/4083 MS: 1 EraseBytes-
#642720	REDUCE cov: 786 ft: 2425 corp: 192/59Kb lim: 4096 exec/s: 33827 rss: 299Mb L: 60/4083 MS: 1 EraseBytes-
#664143	REDUCE cov: 786 ft: 2427 corp: 193/59Kb lim: 4096 exec/s: 34954 rss: 310Mb L: 156/4083 MS: 3 ChangeBinInt-CMP-InsertByte- DE: "\011\000\000\000\000\000\000\000"-
#689054	NEW    cov: 787 ft: 2431 corp: 194/59Kb lim: 4096 exec/s: 34452 rss: 319Mb L: 67/4083 MS: 1 ChangeBinInt-
#689526	NEW    cov: 787 ft: 2434 corp: 195/59Kb lim: 4096 exec/s: 34476 rss: 319Mb L: 83/4083 MS: 2 ChangeByte-InsertRepeatedBytes-
#691038	REDUCE cov: 787 ft: 2434 corp: 195/59Kb lim: 4096 exec/s: 34551 rss: 319Mb L: 75/4083 MS: 2 ChangeByte-EraseBytes-
#714978	REDUCE cov: 787 ft: 2434 corp: 195/59Kb lim: 4096 exec/s: 35748 rss: 319Mb L: 293/4083 MS: 5 ChangeBinInt-CopyPart-ChangeByte-ShuffleBytes-EraseBytes-
#752264	REDUCE cov: 787 ft: 2434 corp: 195/59Kb lim: 4096 exec/s: 35822 rss: 319Mb L: 69/4083 MS: 1 EraseBytes-
#754265	REDUCE cov: 787 ft: 2434 corp: 195/59Kb lim: 4096 exec/s: 35917 rss: 319Mb L: 1154/4083 MS: 1 EraseBytes-
#789297	REDUCE cov: 787 ft: 2434 corp: 195/59Kb lim: 4096 exec/s: 35877 rss: 319Mb L: 62/4083 MS: 2 EraseBytes-ChangeASCIIInt-
#807100	REDUCE cov: 787 ft: 2434 corp: 195/59Kb lim: 4096 exec/s: 36686 rss: 319Mb L: 68/4083 MS: 3 PersAutoDict-EraseBytes-EraseBytes- DE: "\011\000\000\000\000\000\000\000"-
#843852	REDUCE cov: 787 ft: 2434 corp: 195/59Kb lim: 4096 exec/s: 36689 rss: 319Mb L: 1134/4083 MS: 2 EraseBytes-CopyPart-
#843948	REDUCE cov: 787 ft: 2434 corp: 195/59Kb lim: 4096 exec/s: 36693 rss: 319Mb L: 66/4083 MS: 1 EraseBytes-
#847869	REDUCE cov: 787 ft: 2434 corp: 195/59Kb lim: 4096 exec/s: 36863 rss: 319Mb L: 3160/4083 MS: 1 EraseBytes-
#936080	REDUCE cov: 787 ft: 2434 corp: 195/59Kb lim: 4096 exec/s: 37443 rss: 319Mb L: 2345/4083 MS: 1 EraseBytes-
#940516	REDUCE cov: 787 ft: 2434 corp: 195/59Kb lim: 4096 exec/s: 37620 rss: 319Mb L: 59/4083 MS: 1 EraseBytes-
#1001603	REDUCE cov: 787 ft: 2434 corp: 195/59Kb lim: 4096 exec/s: 37096 rss: 325Mb L: 58/4083 MS: 2 ShuffleBytes-EraseBytes-
#1003369	REDUCE cov: 787 ft: 2434 corp: 195/59Kb lim: 4096 exec/s: 37161 rss: 329Mb L: 229/4083 MS: 1 EraseBytes-
#1005195	REDUCE cov: 787 ft: 2434 corp: 195/59Kb lim: 4096 exec/s: 37229 rss: 332Mb L: 3070/4083 MS: 1 EraseBytes-
#1008267	REDUCE cov: 787 ft: 2434 corp: 195/59Kb lim: 4096 exec/s: 37343 rss: 333Mb L: 59/4083 MS: 2 CrossOver-EraseBytes-
#1013633	NEW    cov: 787 ft: 2439 corp: 196/59Kb lim: 4096 exec/s: 37541 rss: 340Mb L: 691/4083 MS: 1 InsertRepeatedBytes-
#1030333	REDUCE cov: 787 ft: 2439 corp: 196/59Kb lim: 4096 exec/s: 38160 rss: 363Mb L: 145/4083 MS: 5 ChangeByte-ChangeByte-ShuffleBytes-CMP-EraseBytes- DE: "\001\012"-
#1043982	REDUCE cov: 787 ft: 2439 corp: 196/59Kb lim: 4096 exec/s: 37285 rss: 376Mb L: 158/4083 MS: 4 ChangeByte-ChangeBit-EraseBytes-InsertRepeatedBytes-
#1048576	pulse  cov: 787 ft: 2439 corp: 196/59Kb lim: 4096 exec/s: 37449 rss: 379Mb
#1125083	REDUCE cov: 787 ft: 2439 corp: 196/59Kb lim: 4096 exec/s: 37502 rss: 418Mb L: 35/4083 MS: 1 EraseBytes-
#1164525	NEW    cov: 787 ft: 2440 corp: 197/60Kb lim: 4096 exec/s: 37565 rss: 418Mb L: 631/4083 MS: 2 ChangeASCIIInt-ChangeBit-
#1214946	REDUCE cov: 787 ft: 2440 corp: 197/60Kb lim: 4096 exec/s: 37967 rss: 418Mb L: 39/4083 MS: 1 EraseBytes-
#1222148	REDUCE cov: 787 ft: 2440 corp: 197/60Kb lim: 4096 exec/s: 38192 rss: 418Mb L: 66/4083 MS: 2 ChangeASCIIInt-EraseBytes-
#1351359	REDUCE cov: 787 ft: 2440 corp: 197/60Kb lim: 4096 exec/s: 38610 rss: 418Mb L: 65/4083 MS: 1 EraseBytes-
#1436589	REDUCE cov: 787 ft: 2440 corp: 197/60Kb lim: 4096 exec/s: 38826 rss: 418Mb L: 221/4083 MS: 5 InsertRepeatedBytes-EraseBytes-CopyPart-PersAutoDict-CopyPart- DE: "\011\000\000\000\000\000\000\000"-
#1505610	REDUCE cov: 787 ft: 2440 corp: 197/60Kb lim: 4096 exec/s: 38605 rss: 418Mb L: 152/4083 MS: 1 EraseBytes-
#1511392	REDUCE cov: 787 ft: 2440 corp: 197/60Kb lim: 4096 exec/s: 38753 rss: 418Mb L: 625/4083 MS: 2 ShuffleBytes-EraseBytes-
#1528463	NEW    cov: 787 ft: 2441 corp: 198/60Kb lim: 4096 exec/s: 38211 rss: 418Mb L: 38/4083 MS: 1 ChangeBinInt-
#1534419	REDUCE cov: 787 ft: 2441 corp: 198/60Kb lim: 4096 exec/s: 38360 rss: 418Mb L: 54/4083 MS: 1 EraseBytes-
#1717195	REDUCE cov: 787 ft: 2443 corp: 199/60Kb lim: 4096 exec/s: 39027 rss: 418Mb L: 59/4083 MS: 1 ChangeByte-
#1731326	REDUCE cov: 787 ft: 2443 corp: 199/60Kb lim: 4096 exec/s: 38473 rss: 418Mb L: 291/4083 MS: 1 EraseBytes-
#1731558	REDUCE cov: 787 ft: 2443 corp: 199/60Kb lim: 4096 exec/s: 38479 rss: 418Mb L: 40/4083 MS: 2 CrossOver-EraseBytes-
#1811410	NEW    cov: 787 ft: 2445 corp: 200/60Kb lim: 4096 exec/s: 39378 rss: 418Mb L: 153/4083 MS: 2 PersAutoDict-ChangeBit- DE: "\011\000\000\000\000\000\000\000"-
#1920344	REDUCE cov: 787 ft: 2445 corp: 200/60Kb lim: 4096 exec/s: 39190 rss: 418Mb L: 626/4083 MS: 4 ChangeByte-ChangeASCIIInt-ChangeByte-EraseBytes-
#1972000	REDUCE cov: 787 ft: 2445 corp: 200/60Kb lim: 4096 exec/s: 39440 rss: 418Mb L: 22/4083 MS: 1 EraseBytes-
#2097152	pulse  cov: 787 ft: 2445 corp: 200/60Kb lim: 4096 exec/s: 40329 rss: 418Mb
#2162950	REDUCE cov: 787 ft: 2445 corp: 200/60Kb lim: 4096 exec/s: 40054 rss: 418Mb L: 2530/4083 MS: 5 ChangeBinInt-ShuffleBytes-ChangeByte-ChangeBit-EraseBytes-
#2344501	NEW    cov: 787 ft: 2512 corp: 201/60Kb lim: 4096 exec/s: 39737 rss: 418Mb L: 54/4083 MS: 1 EraseBytes-
#2355673	REDUCE cov: 787 ft: 2512 corp: 201/60Kb lim: 4096 exec/s: 39926 rss: 418Mb L: 3879/4083 MS: 2 ChangeBinInt-EraseBytes-
#2356925	REDUCE cov: 787 ft: 2512 corp: 201/60Kb lim: 4096 exec/s: 39947 rss: 418Mb L: 1841/4083 MS: 2 ShuffleBytes-EraseBytes-
#2359861	REDUCE cov: 787 ft: 2512 corp: 201/60Kb lim: 4096 exec/s: 39997 rss: 418Mb L: 3874/4083 MS: 1 EraseBytes-
#2399720	REDUCE cov: 787 ft: 2512 corp: 201/60Kb lim: 4096 exec/s: 39995 rss: 418Mb L: 3338/4083 MS: 3 ChangeBit-CMP-EraseBytes- DE: "w,\320b\260\215\277\011\312wX\202z\302C:\026\257\360\017^l\274\221@\247\223\246uOjC"-
#2434517	REDUCE cov: 787 ft: 2512 corp: 201/60Kb lim: 4096 exec/s: 39910 rss: 418Mb L: 144/4083 MS: 1 EraseBytes-
#2468849	REDUCE cov: 787 ft: 2512 corp: 201/60Kb lim: 4096 exec/s: 39820 rss: 418Mb L: 3811/4083 MS: 2 CopyPart-EraseBytes-
#2484141	REDUCE cov: 787 ft: 2512 corp: 201/60Kb lim: 4096 exec/s: 39430 rss: 418Mb L: 140/4083 MS: 2 ChangeBinInt-EraseBytes-
#2557540	REDUCE cov: 787 ft: 2512 corp: 201/60Kb lim: 4096 exec/s: 39346 rss: 418Mb L: 2241/4083 MS: 4 ShuffleBytes-CrossOver-CrossOver-EraseBytes-
#2560936	REDUCE cov: 787 ft: 2512 corp: 201/60Kb lim: 4096 exec/s: 39399 rss: 418Mb L: 3791/4083 MS: 1 EraseBytes-
#2580675	REDUCE cov: 787 ft: 2517 corp: 202/63Kb lim: 4096 exec/s: 39101 rss: 418Mb L: 3232/4083 MS: 3 CopyPart-ChangeByte-CrossOver-
#2605088	REDUCE cov: 787 ft: 2517 corp: 202/62Kb lim: 4096 exec/s: 39471 rss: 418Mb L: 2743/4083 MS: 3 ChangeBinInt-CMP-EraseBytes- DE: "\023\000\000\000"-
#2605115	REDUCE cov: 788 ft: 2546 corp: 203/63Kb lim: 4096 exec/s: 39471 rss: 418Mb L: 1125/4083 MS: 2 CopyPart-EraseBytes-
#2624423	NEW    cov: 788 ft: 2547 corp: 204/65Kb lim: 4096 exec/s: 39170 rss: 418Mb L: 1124/4083 MS: 3 InsertByte-CMP-EraseBytes- DE: "\330\005\261\316\372\344?\221eF\013\274A\\\215O\030\367\362\245=\024\035\246\335\353h\273\341S\341\361"-
#2664374	REDUCE cov: 788 ft: 2585 corp: 205/68Kb lim: 4096 exec/s: 39181 rss: 418Mb L: 3056/4083 MS: 1 CopyPart-
#2665317	NEW    cov: 788 ft: 2596 corp: 206/71Kb lim: 4096 exec/s: 39195 rss: 418Mb L: 3057/4083 MS: 3 ChangeASCIIInt-ChangeBit-InsertByte-
#2669129	NEW    cov: 788 ft: 2598 corp: 207/73Kb lim: 4096 exec/s: 39251 rss: 418Mb L: 3057/4083 MS: 2 ChangeBinInt-CopyPart-
#2716002	REDUCE cov: 788 ft: 2598 corp: 207/73Kb lim: 4096 exec/s: 38800 rss: 418Mb L: 2699/4083 MS: 3 CrossOver-EraseBytes-CrossOver-
#2719286	REDUCE cov: 788 ft: 2598 corp: 207/73Kb lim: 4096 exec/s: 38846 rss: 418Mb L: 2650/4083 MS: 4 PersAutoDict-CMP-CopyPart-EraseBytes- DE: "\377\377\377\377"-"\301z\026\234B\261\317.\333Q4\300\254)h6\212\031<jz_\254\346\004\304g\273\337\335\260\335"-
#2739783	REDUCE cov: 788 ft: 2598 corp: 207/73Kb lim: 4096 exec/s: 39139 rss: 418Mb L: 57/4083 MS: 2 ChangeByte-EraseBytes-
#2762087	REDUCE cov: 788 ft: 2598 corp: 207/73Kb lim: 4096 exec/s: 38902 rss: 418Mb L: 554/4083 MS: 4 ChangeBit-ShuffleBytes-CopyPart-EraseBytes-
#2807737	REDUCE cov: 788 ft: 2598 corp: 207/73Kb lim: 4096 exec/s: 38462 rss: 418Mb L: 2574/4083 MS: 5 ChangeBinInt-ChangeBinInt-ChangeASCIIInt-InsertByte-EraseBytes-
#2828438	REDUCE cov: 788 ft: 2598 corp: 207/73Kb lim: 4096 exec/s: 38745 rss: 418Mb L: 145/4083 MS: 1 EraseBytes-
#2853521	REDUCE cov: 788 ft: 2598 corp: 207/73Kb lim: 4096 exec/s: 38561 rss: 418Mb L: 3037/4083 MS: 3 EraseBytes-CrossOver-CMP- DE: "((((((\011\000\000\000\000\000\000\000(((((((((((((((((("-
#2860932	REDUCE cov: 788 ft: 2598 corp: 207/73Kb lim: 4096 exec/s: 38661 rss: 418Mb L: 2965/4083 MS: 1 EraseBytes-
#2863824	REDUCE cov: 788 ft: 2598 corp: 207/73Kb lim: 4096 exec/s: 38700 rss: 418Mb L: 2887/4083 MS: 2 InsertByte-EraseBytes-
#2902529	REDUCE cov: 788 ft: 2598 corp: 207/73Kb lim: 4096 exec/s: 38191 rss: 418Mb L: 2859/4083 MS: 3 CopyPart-ChangeBinInt-EraseBytes-
#2916258	REDUCE cov: 788 ft: 2598 corp: 207/73Kb lim: 4096 exec/s: 38371 rss: 418Mb L: 1823/4083 MS: 4 CMP-ChangeBit-ChangeByte-EraseBytes- DE: "\027\000\000\000"-
#2946102	REDUCE cov: 788 ft: 2598 corp: 207/73Kb lim: 4096 exec/s: 38261 rss: 418Mb L: 2538/4083 MS: 3 ChangeBit-ChangeASCIIInt-EraseBytes-
#2948807	REDUCE cov: 788 ft: 2598 corp: 207/73Kb lim: 4096 exec/s: 38296 rss: 418Mb L: 156/4083 MS: 5 ChangeByte-ShuffleBytes-InsertByte-InsertByte-EraseBytes-
#2951794	REDUCE cov: 788 ft: 2598 corp: 207/73Kb lim: 4096 exec/s: 38334 rss: 418Mb L: 447/4083 MS: 2 ChangeByte-EraseBytes-
#3011908	REDUCE cov: 788 ft: 2601 corp: 208/73Kb lim: 4096 exec/s: 38125 rss: 418Mb L: 638/4083 MS: 3 CrossOver-CopyPart-CrossOver-
#3012769	NEW    cov: 788 ft: 2602 corp: 209/74Kb lim: 4096 exec/s: 38136 rss: 418Mb L: 557/4083 MS: 1 EraseBytes-
#3013769	REDUCE cov: 788 ft: 2602 corp: 209/74Kb lim: 4096 exec/s: 38148 rss: 418Mb L: 529/4083 MS: 5 CMP-ChangeBit-ChangeBit-ChangeBit-EraseBytes- DE: "\377\377\377\377\377\377\377\014"-
#3014951	REDUCE cov: 788 ft: 2602 corp: 209/74Kb lim: 4096 exec/s: 37686 rss: 418Mb L: 913/4083 MS: 2 EraseBytes-InsertByte-
#3015042	REDUCE cov: 788 ft: 2603 corp: 210/75Kb lim: 4096 exec/s: 37688 rss: 418Mb L: 946/4083 MS: 1 CopyPart-
#3016577	REDUCE cov: 788 ft: 2603 corp: 210/75Kb lim: 4096 exec/s: 37707 rss: 418Mb L: 943/4083 MS: 5 ChangeBinInt-InsertRepeatedBytes-InsertByte-CrossOver-EraseBytes-
#3017653	REDUCE cov: 788 ft: 2603 corp: 210/75Kb lim: 4096 exec/s: 37720 rss: 418Mb L: 537/4083 MS: 1 EraseBytes-
#3022911	REDUCE cov: 788 ft: 2603 corp: 210/75Kb lim: 4096 exec/s: 37786 rss: 418Mb L: 512/4083 MS: 3 ShuffleBytes-CMP-EraseBytes- DE: "\215\212\016\316V\356\216\223}@e\016\007Y!\226)V?-\002\021Y\230g\302\3542\261)P\355"-
#3029254	REDUCE cov: 788 ft: 2603 corp: 210/74Kb lim: 4096 exec/s: 37865 rss: 418Mb L: 740/4083 MS: 3 ChangeBinInt-PersAutoDict-EraseBytes- DE: "\377\377\377\377\377\377\377\014"-
#3029449	REDUCE cov: 788 ft: 2603 corp: 210/74Kb lim: 4096 exec/s: 37868 rss: 418Mb L: 499/4083 MS: 5 ChangeBinInt-ChangeBinInt-ChangeBinInt-ShuffleBytes-EraseBytes-
#3033846	REDUCE cov: 788 ft: 2603 corp: 210/74Kb lim: 4096 exec/s: 37923 rss: 418Mb L: 596/4083 MS: 2 ChangeBinInt-EraseBytes-
#3046284	REDUCE cov: 788 ft: 2603 corp: 210/74Kb lim: 4096 exec/s: 37608 rss: 418Mb L: 519/4083 MS: 3 ChangeByte-ChangeBinInt-EraseBytes-
#3050506	REDUCE cov: 788 ft: 2603 corp: 210/74Kb lim: 4096 exec/s: 37660 rss: 418Mb L: 2454/4083 MS: 2 ShuffleBytes-EraseBytes-
#3058858	NEW    cov: 789 ft: 2604 corp: 211/74Kb lim: 4096 exec/s: 37763 rss: 418Mb L: 67/4083 MS: 2 CMP-CrossOver- DE: "\377\377\377\377\377\377\377,"-
#3059206	REDUCE cov: 789 ft: 2604 corp: 211/74Kb lim: 4096 exec/s: 37767 rss: 418Mb L: 816/4083 MS: 3 PersAutoDict-ChangeBinInt-EraseBytes- DE: "((((((\011\000\000\000\000\000\000\000(((((((((((((((((("-
#3088863	REDUCE cov: 789 ft: 2604 corp: 211/74Kb lim: 4096 exec/s: 37669 rss: 418Mb L: 435/4083 MS: 2 ChangeBit-EraseBytes-
#3166837	NEW    cov: 789 ft: 2608 corp: 212/75Kb lim: 4096 exec/s: 37700 rss: 418Mb L: 1195/4083 MS: 4 PersAutoDict-CopyPart-ChangeBit-CrossOver- DE: "\027\000\000\000"-
#3167010	REDUCE cov: 789 ft: 2608 corp: 212/75Kb lim: 4096 exec/s: 37702 rss: 418Mb L: 1182/4083 MS: 3 InsertRepeatedBytes-CrossOver-EraseBytes-
#3168317	REDUCE cov: 789 ft: 2610 corp: 213/77Kb lim: 4096 exec/s: 37718 rss: 418Mb L: 1229/4083 MS: 2 CrossOver-ShuffleBytes-
#3174496	REDUCE cov: 789 ft: 2610 corp: 213/76Kb lim: 4096 exec/s: 37791 rss: 418Mb L: 881/4083 MS: 4 CMP-CMP-CMP-EraseBytes- DE: "N\217SRX\026\367\322Sox$L\254\006\234\341\222\325\365\225\351q%\227\326\337\210\314\256\232\222"-"\001\012"-"1!Z>0\230\005H4\340\242l\344]m\305\033<\321\177X\241w\333L\221R\306aUA\324"-
#3176367	REDUCE cov: 789 ft: 2610 corp: 213/76Kb lim: 4096 exec/s: 37813 rss: 418Mb L: 739/4083 MS: 1 EraseBytes-
#3178388	REDUCE cov: 789 ft: 2610 corp: 213/75Kb lim: 4096 exec/s: 37837 rss: 418Mb L: 399/4083 MS: 1 EraseBytes-
#3179041	REDUCE cov: 789 ft: 2614 corp: 214/76Kb lim: 4096 exec/s: 37845 rss: 418Mb L: 990/4083 MS: 3 ChangeBinInt-InsertByte-InsertRepeatedBytes-
#3187829	REDUCE cov: 789 ft: 2614 corp: 214/76Kb lim: 4096 exec/s: 37503 rss: 418Mb L: 657/4083 MS: 3 ChangeBinInt-ChangeBit-EraseBytes-
#3188765	REDUCE cov: 789 ft: 2614 corp: 214/76Kb lim: 4096 exec/s: 37514 rss: 418Mb L: 342/4083 MS: 1 EraseBytes-
#3192313	REDUCE cov: 789 ft: 2614 corp: 214/76Kb lim: 4096 exec/s: 37556 rss: 418Mb L: 856/4083 MS: 3 ChangeBinInt-InsertRepeatedBytes-EraseBytes-
#3194593	REDUCE cov: 789 ft: 2614 corp: 214/76Kb lim: 4096 exec/s: 37583 rss: 418Mb L: 588/4083 MS: 5 ChangeBit-ShuffleBytes-ChangeByte-ShuffleBytes-EraseBytes-
#3195079	REDUCE cov: 789 ft: 2614 corp: 214/76Kb lim: 4096 exec/s: 37589 rss: 418Mb L: 412/4083 MS: 1 EraseBytes-
#3207972	REDUCE cov: 789 ft: 2614 corp: 214/75Kb lim: 4096 exec/s: 37740 rss: 418Mb L: 383/4083 MS: 3 InsertRepeatedBytes-ShuffleBytes-EraseBytes-
#3211313	REDUCE cov: 789 ft: 2614 corp: 214/75Kb lim: 4096 exec/s: 37780 rss: 418Mb L: 398/4083 MS: 1 EraseBytes-
#3214319	REDUCE cov: 789 ft: 2614 corp: 214/75Kb lim: 4096 exec/s: 37815 rss: 418Mb L: 377/4083 MS: 1 EraseBytes-
#3219820	REDUCE cov: 789 ft: 2614 corp: 214/75Kb lim: 4096 exec/s: 37880 rss: 418Mb L: 370/4083 MS: 1 EraseBytes-
#3229201	REDUCE cov: 791 ft: 2622 corp: 215/76Kb lim: 4096 exec/s: 37548 rss: 418Mb L: 323/4083 MS: 1 EraseBytes-
#3233217	REDUCE cov: 791 ft: 2622 corp: 215/76Kb lim: 4096 exec/s: 37595 rss: 418Mb L: 333/4083 MS: 1 EraseBytes-
#3233424	REDUCE cov: 791 ft: 2622 corp: 215/76Kb lim: 4096 exec/s: 37597 rss: 418Mb L: 329/4083 MS: 2 CrossOver-CMP- DE: "\024\000"-
#3238548	REDUCE cov: 791 ft: 2622 corp: 215/76Kb lim: 4096 exec/s: 37657 rss: 418Mb L: 329/4083 MS: 4 ChangeByte-CopyPart-InsertByte-EraseBytes-
#3253276	REDUCE cov: 791 ft: 2622 corp: 215/75Kb lim: 4096 exec/s: 37828 rss: 418Mb L: 3680/4083 MS: 3 CopyPart-InsertRepeatedBytes-EraseBytes-
#3255212	REDUCE cov: 791 ft: 2622 corp: 215/75Kb lim: 4096 exec/s: 37851 rss: 418Mb L: 3634/4083 MS: 1 EraseBytes-
#3256378	REDUCE cov: 791 ft: 2622 corp: 215/75Kb lim: 4096 exec/s: 37429 rss: 418Mb L: 3630/4083 MS: 1 EraseBytes-
#3267736	NEW    cov: 791 ft: 2624 corp: 216/76Kb lim: 4096 exec/s: 37560 rss: 418Mb L: 323/4083 MS: 1 CopyPart-
#3268812	REDUCE cov: 791 ft: 2624 corp: 216/76Kb lim: 4096 exec/s: 37572 rss: 418Mb L: 358/4083 MS: 1 EraseBytes-
#3271383	REDUCE cov: 791 ft: 2624 corp: 216/76Kb lim: 4096 exec/s: 37602 rss: 418Mb L: 336/4083 MS: 1 EraseBytes-
#3302239	REDUCE cov: 791 ft: 2624 corp: 216/75Kb lim: 4096 exec/s: 37525 rss: 418Mb L: 2357/4083 MS: 1 EraseBytes-
#3309305	REDUCE cov: 791 ft: 2624 corp: 216/75Kb lim: 4096 exec/s: 37605 rss: 418Mb L: 3580/4083 MS: 1 CrossOver-
#3353461	NEW    cov: 791 ft: 2627 corp: 217/76Kb lim: 4096 exec/s: 37679 rss: 418Mb L: 285/4083 MS: 3 PersAutoDict-CopyPart-CrossOver- DE: "\001\012"-
#3378711	REDUCE cov: 791 ft: 2627 corp: 217/76Kb lim: 4096 exec/s: 37541 rss: 418Mb L: 331/4083 MS: 5 ChangeBinInt-ChangeASCIIInt-ChangeByte-ChangeBinInt-EraseBytes-
#3381205	REDUCE cov: 791 ft: 2627 corp: 217/76Kb lim: 4096 exec/s: 37568 rss: 418Mb L: 240/4083 MS: 4 ShuffleBytes-ShuffleBytes-EraseBytes-InsertByte-
#3419101	REDUCE cov: 791 ft: 2627 corp: 217/76Kb lim: 4096 exec/s: 37572 rss: 418Mb L: 239/4083 MS: 1 EraseBytes-
#3425292	REDUCE cov: 791 ft: 2627 corp: 217/76Kb lim: 4096 exec/s: 37640 rss: 418Mb L: 324/4083 MS: 1 EraseBytes-
#3432668	REDUCE cov: 791 ft: 2627 corp: 217/76Kb lim: 4096 exec/s: 37311 rss: 418Mb L: 329/4083 MS: 1 EraseBytes-
#3447660	REDUCE cov: 791 ft: 2627 corp: 217/76Kb lim: 4096 exec/s: 37474 rss: 418Mb L: 325/4083 MS: 2 CrossOver-EraseBytes-
#3473016	REDUCE cov: 791 ft: 2627 corp: 217/76Kb lim: 4096 exec/s: 37344 rss: 418Mb L: 35/4083 MS: 1 EraseBytes-
#3480403	NEW    cov: 791 ft: 2628 corp: 218/76Kb lim: 4096 exec/s: 37423 rss: 418Mb L: 158/4083 MS: 2 PersAutoDict-InsertRepeatedBytes- DE: "\011\000\000\000\000\000\000\000"-
#3491754	REDUCE cov: 791 ft: 2628 corp: 218/76Kb lim: 4096 exec/s: 37146 rss: 418Mb L: 86/4083 MS: 1 EraseBytes-
#3502620	REDUCE cov: 791 ft: 2628 corp: 218/76Kb lim: 4096 exec/s: 37261 rss: 418Mb L: 70/4083 MS: 1 EraseBytes-
#3546501	REDUCE cov: 791 ft: 2628 corp: 218/76Kb lim: 4096 exec/s: 36942 rss: 418Mb L: 322/4083 MS: 1 EraseBytes-
#3566487	REDUCE cov: 791 ft: 2628 corp: 218/76Kb lim: 4096 exec/s: 36767 rss: 418Mb L: 499/4083 MS: 1 EraseBytes-
#3568143	REDUCE cov: 791 ft: 2628 corp: 218/76Kb lim: 4096 exec/s: 36784 rss: 418Mb L: 321/4083 MS: 1 EraseBytes-
#3576714	REDUCE cov: 791 ft: 2628 corp: 218/76Kb lim: 4096 exec/s: 36873 rss: 418Mb L: 443/4083 MS: 1 EraseBytes-
#3584566	REDUCE cov: 791 ft: 2628 corp: 218/76Kb lim: 4096 exec/s: 36577 rss: 418Mb L: 3574/4083 MS: 2 ChangeBit-EraseBytes-
#3722634	REDUCE cov: 791 ft: 2628 corp: 218/76Kb lim: 4096 exec/s: 35794 rss: 418Mb L: 267/4083 MS: 3 EraseBytes-ShuffleBytes-ChangeByte-
#3725865	NEW    cov: 791 ft: 2630 corp: 219/76Kb lim: 4096 exec/s: 35825 rss: 418Mb L: 323/4083 MS: 1 ChangeBit-
#3796271	NEW    cov: 791 ft: 2632 corp: 220/76Kb lim: 4096 exec/s: 35813 rss: 418Mb L: 323/4083 MS: 1 CopyPart-
#3804289	REDUCE cov: 791 ft: 2632 corp: 220/76Kb lim: 4096 exec/s: 35889 rss: 418Mb L: 2440/4083 MS: 3 ShuffleBytes-PersAutoDict-EraseBytes- DE: "\377\377\377\377\377\377\377\014"-
#3934310	REDUCE cov: 791 ft: 2632 corp: 220/76Kb lim: 4096 exec/s: 35766 rss: 418Mb L: 68/4083 MS: 1 EraseBytes-
#3951746	REDUCE cov: 791 ft: 2637 corp: 221/76Kb lim: 4096 exec/s: 35601 rss: 418Mb L: 68/4083 MS: 1 ChangeASCIIInt-
#3959093	NEW    cov: 791 ft: 2638 corp: 222/76Kb lim: 4096 exec/s: 35667 rss: 418Mb L: 323/4083 MS: 2 ChangeBit-CrossOver-
#4002365	NEW    cov: 791 ft: 2643 corp: 223/77Kb lim: 4096 exec/s: 35735 rss: 418Mb L: 323/4083 MS: 2 CrossOver-CrossOver-
#4032271	REDUCE cov: 791 ft: 2643 corp: 223/77Kb lim: 4096 exec/s: 35683 rss: 418Mb L: 593/4083 MS: 1 EraseBytes-
#4039765	REDUCE cov: 791 ft: 2643 corp: 223/77Kb lim: 4096 exec/s: 35436 rss: 418Mb L: 65/4083 MS: 4 ShuffleBytes-ChangeASCIIInt-ChangeByte-EraseBytes-
#4065147	REDUCE cov: 791 ft: 2643 corp: 223/77Kb lim: 4096 exec/s: 35659 rss: 418Mb L: 256/4083 MS: 2 CMP-EraseBytes- DE: "\007\000\000\000\000\000\000\000"-
#4175647	REDUCE cov: 791 ft: 2643 corp: 223/77Kb lim: 4096 exec/s: 35689 rss: 418Mb L: 3571/4083 MS: 5 EraseBytes-ShuffleBytes-ShuffleBytes-CMP-InsertRepeatedBytes- DE: "\036\000\000\000"-
#4194304	pulse  cov: 791 ft: 2643 corp: 223/77Kb lim: 4096 exec/s: 35544 rss: 418Mb
#4207675	REDUCE cov: 791 ft: 2643 corp: 223/77Kb lim: 4096 exec/s: 35658 rss: 418Mb L: 189/4083 MS: 3 ShuffleBytes-ChangeBinInt-EraseBytes-
#4342956	REDUCE cov: 791 ft: 2643 corp: 223/77Kb lim: 4096 exec/s: 35598 rss: 418Mb L: 54/4083 MS: 1 EraseBytes-
#4346933	REDUCE cov: 791 ft: 2643 corp: 223/77Kb lim: 4096 exec/s: 35340 rss: 418Mb L: 66/4083 MS: 2 EraseBytes-ChangeByte-
#4371676	REDUCE cov: 791 ft: 2643 corp: 223/77Kb lim: 4096 exec/s: 35542 rss: 418Mb L: 3567/4083 MS: 3 ChangeBinInt-ChangeByte-EraseBytes-
#4376927	REDUCE cov: 791 ft: 2643 corp: 223/77Kb lim: 4096 exec/s: 35584 rss: 418Mb L: 235/4083 MS: 1 EraseBytes-
#4446419	NEW    cov: 791 ft: 2644 corp: 224/77Kb lim: 4096 exec/s: 35571 rss: 418Mb L: 68/4083 MS: 2 ShuffleBytes-ChangeBit-
#4489815	REDUCE cov: 791 ft: 2644 corp: 224/77Kb lim: 4096 exec/s: 35352 rss: 418Mb L: 57/4083 MS: 1 EraseBytes-
#4509981	NEW    cov: 791 ft: 2645 corp: 225/77Kb lim: 4096 exec/s: 35511 rss: 418Mb L: 323/4083 MS: 1 ShuffleBytes-
#4519792	NEW    cov: 791 ft: 2646 corp: 226/77Kb lim: 4096 exec/s: 35310 rss: 418Mb L: 68/4083 MS: 1 CopyPart-
#4531644	REDUCE cov: 792 ft: 2647 corp: 227/78Kb lim: 4096 exec/s: 35403 rss: 418Mb L: 589/4083 MS: 2 InsertRepeatedBytes-EraseBytes-
#4629185	REDUCE cov: 792 ft: 2647 corp: 227/78Kb lim: 4096 exec/s: 35069 rss: 418Mb L: 2447/4083 MS: 1 EraseBytes-
#4783043	NEW    cov: 792 ft: 2648 corp: 228/78Kb lim: 4096 exec/s: 34410 rss: 418Mb L: 68/4083 MS: 3 ChangeByte-ChangeBinInt-CopyPart-
#4873800	REDUCE cov: 792 ft: 2648 corp: 228/78Kb lim: 4096 exec/s: 34082 rss: 418Mb L: 1817/4083 MS: 2 ChangeBit-EraseBytes-
#4912284	REDUCE cov: 792 ft: 2648 corp: 228/78Kb lim: 4096 exec/s: 34113 rss: 418Mb L: 66/4083 MS: 4 ChangeByte-ChangeBit-CrossOver-EraseBytes-
#4918640	REDUCE cov: 792 ft: 2648 corp: 228/78Kb lim: 4096 exec/s: 33921 rss: 418Mb L: 56/4083 MS: 1 EraseBytes-
#5151011	REDUCE cov: 792 ft: 2648 corp: 228/78Kb lim: 4096 exec/s: 34112 rss: 418Mb L: 169/4083 MS: 1 EraseBytes-
#5273574	REDUCE cov: 792 ft: 2648 corp: 228/78Kb lim: 4096 exec/s: 34023 rss: 418Mb L: 553/4083 MS: 3 ChangeASCIIInt-CrossOver-EraseBytes-
#5313780	NEW    cov: 792 ft: 2656 corp: 229/78Kb lim: 4096 exec/s: 34062 rss: 418Mb L: 54/4083 MS: 1 ChangeBinInt-
#5359696	REDUCE cov: 792 ft: 2656 corp: 229/78Kb lim: 4096 exec/s: 34138 rss: 418Mb L: 39/4083 MS: 1 EraseBytes-
#5370958	REDUCE cov: 792 ft: 2656 corp: 229/78Kb lim: 4096 exec/s: 33993 rss: 418Mb L: 321/4083 MS: 2 ChangeBit-EraseBytes-
#5549199	REDUCE cov: 792 ft: 2656 corp: 229/78Kb lim: 4096 exec/s: 34044 rss: 418Mb L: 65/4083 MS: 1 EraseBytes-
#5571220	REDUCE cov: 792 ft: 2656 corp: 229/78Kb lim: 4096 exec/s: 34179 rss: 418Mb L: 2236/4083 MS: 1 EraseBytes-
#5588558	REDUCE cov: 792 ft: 2656 corp: 229/78Kb lim: 4096 exec/s: 34076 rss: 418Mb L: 64/4083 MS: 3 ChangeBinInt-ChangeASCIIInt-EraseBytes-
#5598064	REDUCE cov: 792 ft: 2656 corp: 229/78Kb lim: 4096 exec/s: 34134 rss: 418Mb L: 420/4083 MS: 1 EraseBytes-
#5709315	REDUCE cov: 792 ft: 2656 corp: 229/78Kb lim: 4096 exec/s: 34187 rss: 418Mb L: 591/4083 MS: 1 EraseBytes-
#5814232	REDUCE cov: 792 ft: 2656 corp: 229/78Kb lim: 4096 exec/s: 33803 rss: 418Mb L: 382/4083 MS: 2 ChangeBit-EraseBytes-
#5858801	REDUCE cov: 792 ft: 2657 corp: 230/78Kb lim: 4096 exec/s: 33671 rss: 418Mb L: 143/4083 MS: 4 CopyPart-ChangeByte-InsertRepeatedBytes-ChangeBit-
#5871358	REDUCE cov: 792 ft: 2657 corp: 230/78Kb lim: 4096 exec/s: 33743 rss: 418Mb L: 126/4083 MS: 2 InsertByte-EraseBytes-
#5873239	REDUCE cov: 792 ft: 2657 corp: 230/78Kb lim: 4096 exec/s: 33754 rss: 418Mb L: 3565/4083 MS: 1 EraseBytes-
#5886542	REDUCE cov: 792 ft: 2657 corp: 230/78Kb lim: 4096 exec/s: 33637 rss: 418Mb L: 107/4083 MS: 3 CMP-CopyPart-EraseBytes- DE: "\332\006\0106\327\177\301\007\267\31738!m\373\207\012\301\221\035\244-\250\233LH\022\317\361\324\214\306"-
#5938498	REDUCE cov: 792 ft: 2657 corp: 230/78Kb lim: 4096 exec/s: 33741 rss: 418Mb L: 102/4083 MS: 1 EraseBytes-
#5941625	REDUCE cov: 792 ft: 2657 corp: 230/78Kb lim: 4096 exec/s: 33568 rss: 418Mb L: 81/4083 MS: 2 ChangeASCIIInt-EraseBytes-
#6021201	REDUCE cov: 792 ft: 2657 corp: 230/78Kb lim: 4096 exec/s: 33637 rss: 418Mb L: 45/4083 MS: 1 EraseBytes-
#6050747	REDUCE cov: 792 ft: 2657 corp: 230/78Kb lim: 4096 exec/s: 33615 rss: 418Mb L: 626/4083 MS: 1 EraseBytes-
#6118363	REDUCE cov: 792 ft: 2657 corp: 230/78Kb lim: 4096 exec/s: 33617 rss: 418Mb L: 75/4083 MS: 1 EraseBytes-
#6125814	REDUCE cov: 792 ft: 2657 corp: 230/78Kb lim: 4096 exec/s: 33658 rss: 418Mb L: 537/4083 MS: 1 EraseBytes-
#6275815	REDUCE cov: 792 ft: 2657 corp: 230/78Kb lim: 4096 exec/s: 33740 rss: 418Mb L: 120/4083 MS: 1 EraseBytes-
#6289611	REDUCE cov: 792 ft: 2657 corp: 230/78Kb lim: 4096 exec/s: 33634 rss: 418Mb L: 52/4083 MS: 1 EraseBytes-
#6394323	REDUCE cov: 792 ft: 2657 corp: 230/78Kb lim: 4096 exec/s: 33654 rss: 418Mb L: 142/4083 MS: 2 InsertRepeatedBytes-EraseBytes-
#6395848	REDUCE cov: 792 ft: 2657 corp: 230/78Kb lim: 4096 exec/s: 33662 rss: 418Mb L: 2288/4083 MS: 5 CrossOver-EraseBytes-ChangeByte-ChangeBit-InsertByte-
#6544051	NEW    cov: 792 ft: 2661 corp: 231/78Kb lim: 4096 exec/s: 33732 rss: 418Mb L: 328/4083 MS: 3 CMP-ChangeBit-InsertByte- DE: "\031\000\000\000"-
#6606189	REDUCE cov: 792 ft: 2661 corp: 231/77Kb lim: 4096 exec/s: 33705 rss: 418Mb L: 3164/4083 MS: 3 CopyPart-ShuffleBytes-EraseBytes-
#6612241	REDUCE cov: 792 ft: 2661 corp: 231/77Kb lim: 4096 exec/s: 33735 rss: 418Mb L: 2200/4083 MS: 2 CopyPart-EraseBytes-
#6664406	REDUCE cov: 792 ft: 2661 corp: 231/77Kb lim: 4096 exec/s: 33658 rss: 418Mb L: 3132/4083 MS: 5 CMP-ChangeASCIIInt-CopyPart-ChangeASCIIInt-EraseBytes- DE: "\301z\026\234B\261\317.\333Q4\300\254)h6\212\031<jz_\254\346\004\304g\273\337\335\260\335"-
#6696895	REDUCE cov: 792 ft: 2661 corp: 231/77Kb lim: 4096 exec/s: 33652 rss: 418Mb L: 3123/4083 MS: 3 ChangeBit-CrossOver-EraseBytes-
#6778895	REDUCE cov: 792 ft: 2661 corp: 231/77Kb lim: 4096 exec/s: 33725 rss: 418Mb L: 128/4083 MS: 4 ChangeBit-EraseBytes-ChangeBinInt-CrossOver-
#6805648	REDUCE cov: 792 ft: 2661 corp: 231/77Kb lim: 4096 exec/s: 33691 rss: 418Mb L: 589/4083 MS: 3 ChangeBit-ChangeByte-CrossOver-
#6809209	REDUCE cov: 792 ft: 2661 corp: 231/77Kb lim: 4096 exec/s: 33708 rss: 418Mb L: 3114/4083 MS: 1 EraseBytes-
#6832048	REDUCE cov: 792 ft: 2661 corp: 231/77Kb lim: 4096 exec/s: 33655 rss: 418Mb L: 321/4083 MS: 4 InsertRepeatedBytes-ShuffleBytes-ChangeBit-EraseBytes-
#6875547	REDUCE cov: 792 ft: 2661 corp: 231/77Kb lim: 4096 exec/s: 33703 rss: 418Mb L: 804/4083 MS: 4 CrossOver-PersAutoDict-ChangeBinInt-EraseBytes- DE: "\301z\026\234B\261\317.\333Q4\300\254)h6\212\031<jz_\254\346\004\304g\273\337\335\260\335"-
#7010730	REDUCE cov: 792 ft: 2661 corp: 231/77Kb lim: 4096 exec/s: 33705 rss: 418Mb L: 139/4083 MS: 3 ChangeBinInt-ChangeBinInt-EraseBytes-
#7015771	REDUCE cov: 792 ft: 2661 corp: 231/77Kb lim: 4096 exec/s: 33729 rss: 418Mb L: 323/4083 MS: 1 EraseBytes-
#7029260	REDUCE cov: 792 ft: 2661 corp: 231/77Kb lim: 4096 exec/s: 33632 rss: 418Mb L: 3107/4083 MS: 4 ChangeByte-InsertByte-CrossOver-EraseBytes-
#7048737	REDUCE cov: 792 ft: 2661 corp: 231/77Kb lim: 4096 exec/s: 33726 rss: 418Mb L: 3769/3769 MS: 2 EraseBytes-InsertRepeatedBytes-
#7058158	REDUCE cov: 792 ft: 2661 corp: 231/77Kb lim: 4096 exec/s: 33610 rss: 418Mb L: 2169/3769 MS: 1 CrossOver-
#7137464	REDUCE cov: 792 ft: 2666 corp: 232/77Kb lim: 4096 exec/s: 33667 rss: 418Mb L: 66/3769 MS: 1 EraseBytes-
#7145115	REDUCE cov: 792 ft: 2666 corp: 232/77Kb lim: 4096 exec/s: 33703 rss: 418Mb L: 50/3769 MS: 1 EraseBytes-
#7246484	REDUCE cov: 792 ft: 2666 corp: 232/77Kb lim: 4096 exec/s: 33704 rss: 418Mb L: 3105/3769 MS: 4 CrossOver-InsertRepeatedBytes-CMP-EraseBytes- DE: "\376\377\377\377\377\377\377\377"-
#7379398	REDUCE cov: 792 ft: 2675 corp: 233/77Kb lim: 4096 exec/s: 33695 rss: 418Mb L: 323/3769 MS: 4 CMP-ChangeByte-ChangeBit-CrossOver- DE: "\016\001"-
#7503579	REDUCE cov: 792 ft: 2675 corp: 233/77Kb lim: 4096 exec/s: 33648 rss: 418Mb L: 73/3769 MS: 1 EraseBytes-
#7542971	REDUCE cov: 792 ft: 2675 corp: 233/77Kb lim: 4096 exec/s: 33673 rss: 418Mb L: 3741/3741 MS: 2 PersAutoDict-EraseBytes- DE: "1!Z>0\230\005H4\340\242l\344]m\305\033<\321\177X\241w\333L\221R\306aUA\324"-
#7593632	REDUCE cov: 792 ft: 2675 corp: 233/77Kb lim: 4096 exec/s: 33600 rss: 418Mb L: 1785/3741 MS: 1 EraseBytes-
#7712413	REDUCE cov: 792 ft: 2675 corp: 233/77Kb lim: 4096 exec/s: 33678 rss: 418Mb L: 49/3741 MS: 1 EraseBytes-
#7839711	REDUCE cov: 792 ft: 2675 corp: 233/77Kb lim: 4096 exec/s: 33646 rss: 418Mb L: 800/3741 MS: 3 ChangeASCIIInt-ChangeByte-EraseBytes-
#7867194	REDUCE cov: 792 ft: 2675 corp: 233/77Kb lim: 4096 exec/s: 33620 rss: 418Mb L: 3720/3720 MS: 3 CrossOver-CMP-EraseBytes- DE: "\001\000\000\000\000\000\000\000"-
#7915233	REDUCE cov: 792 ft: 2675 corp: 233/77Kb lim: 4096 exec/s: 33539 rss: 418Mb L: 3104/3720 MS: 4 ChangeBinInt-InsertByte-ChangeBit-EraseBytes-
#7928911	REDUCE cov: 792 ft: 2675 corp: 233/77Kb lim: 4096 exec/s: 33597 rss: 418Mb L: 63/3720 MS: 3 ChangeASCIIInt-PersAutoDict-EraseBytes- DE: "\332\006\0106\327\177\301\007\267\31738!m\373\207\012\301\221\035\244-\250\233LH\022\317\361\324\214\306"-
#8148187	REDUCE cov: 792 ft: 2675 corp: 233/77Kb lim: 4096 exec/s: 33531 rss: 418Mb L: 134/3720 MS: 1 EraseBytes-
#8292437	REDUCE cov: 792 ft: 2675 corp: 233/77Kb lim: 4096 exec/s: 33572 rss: 418Mb L: 69/3720 MS: 5 InsertRepeatedBytes-EraseBytes-ShuffleBytes-ChangeByte-EraseBytes-
#8363365	REDUCE cov: 792 ft: 2675 corp: 233/77Kb lim: 4096 exec/s: 33587 rss: 418Mb L: 3066/3720 MS: 3 EraseBytes-CrossOver-ChangeBinInt-
#8375152	REDUCE cov: 792 ft: 2675 corp: 233/77Kb lim: 4096 exec/s: 33500 rss: 418Mb L: 3033/3720 MS: 2 ChangeASCIIInt-EraseBytes-
#8388608	pulse  cov: 792 ft: 2675 corp: 233/77Kb lim: 4096 exec/s: 33554 rss: 423Mb
#8431083	REDUCE cov: 792 ft: 2675 corp: 233/77Kb lim: 4096 exec/s: 33589 rss: 423Mb L: 3032/3720 MS: 1 EraseBytes-
#8466507	REDUCE cov: 792 ft: 2675 corp: 233/77Kb lim: 4096 exec/s: 33464 rss: 423Mb L: 3703/3703 MS: 2 PersAutoDict-EraseBytes- DE: "\330\005\261\316\372\344?\221eF\013\274A\\\215O\030\367\362\245=\024\035\246\335\353h\273\341S\341\361"-
#8598409	REDUCE cov: 792 ft: 2675 corp: 233/77Kb lim: 4096 exec/s: 33587 rss: 423Mb L: 322/3703 MS: 2 ChangeBit-EraseBytes-
#8653932	REDUCE cov: 792 ft: 2675 corp: 233/77Kb lim: 4096 exec/s: 33542 rss: 423Mb L: 321/3703 MS: 3 ChangeBit-ChangeBit-EraseBytes-
#8654621	REDUCE cov: 792 ft: 2675 corp: 233/77Kb lim: 4096 exec/s: 33545 rss: 423Mb L: 3011/3703 MS: 4 ChangeASCIIInt-ChangeBinInt-PersAutoDict-CrossOver- DE: "N\217SRX\026\367\322Sox$L\254\006\234\341\222\325\365\225\351q%\227\326\337\210\314\256\232\222"-
#8733043	REDUCE cov: 792 ft: 2677 corp: 234/77Kb lim: 4096 exec/s: 33588 rss: 423Mb L: 70/3703 MS: 2 InsertByte-CrossOver-
#8790179	REDUCE cov: 792 ft: 2677 corp: 234/77Kb lim: 4096 exec/s: 33550 rss: 423Mb L: 57/3703 MS: 1 EraseBytes-
#9500825	REDUCE cov: 792 ft: 2677 corp: 234/77Kb lim: 4096 exec/s: 33453 rss: 423Mb L: 55/3703 MS: 1 EraseBytes-
#9523978	NEW    cov: 792 ft: 2678 corp: 235/77Kb lim: 4096 exec/s: 33417 rss: 423Mb L: 166/3703 MS: 3 InsertByte-ChangeBit-InsertByte-
#9651696	REDUCE cov: 792 ft: 2678 corp: 235/77Kb lim: 4096 exec/s: 33396 rss: 423Mb L: 64/3703 MS: 3 ShuffleBytes-ChangeByte-EraseBytes-
#9703097	REDUCE cov: 792 ft: 2678 corp: 235/77Kb lim: 4096 exec/s: 33343 rss: 423Mb L: 1967/3703 MS: 1 EraseBytes-
#9980230	NEW    cov: 792 ft: 2680 corp: 236/77Kb lim: 4096 exec/s: 33378 rss: 423Mb L: 323/3703 MS: 3 ShuffleBytes-ChangeASCIIInt-ChangeBinInt-
#10240851	REDUCE cov: 792 ft: 2680 corp: 236/77Kb lim: 4096 exec/s: 33249 rss: 423Mb L: 50/3703 MS: 1 EraseBytes-
#10566042	REDUCE cov: 792 ft: 2680 corp: 236/77Kb lim: 4096 exec/s: 33226 rss: 423Mb L: 440/3703 MS: 1 EraseBytes-
#10995020	NEW    cov: 792 ft: 2681 corp: 237/78Kb lim: 4096 exec/s: 33117 rss: 423Mb L: 515/3703 MS: 3 InsertByte-InsertRepeatedBytes-InsertByte-
#11101348	REDUCE cov: 792 ft: 2681 corp: 237/78Kb lim: 4096 exec/s: 33138 rss: 423Mb L: 438/3703 MS: 3 ChangeBinInt-InsertRepeatedBytes-EraseBytes-
#11139274	REDUCE cov: 792 ft: 2681 corp: 237/78Kb lim: 4096 exec/s: 33152 rss: 423Mb L: 1771/3703 MS: 1 EraseBytes-
#11386471	REDUCE cov: 792 ft: 2681 corp: 237/78Kb lim: 4096 exec/s: 32908 rss: 423Mb L: 3684/3684 MS: 2 CMP-EraseBytes- DE: "\001\006"-
#11418348	REDUCE cov: 795 ft: 2684 corp: 238/78Kb lim: 4096 exec/s: 32905 rss: 423Mb L: 205/3684 MS: 2 CrossOver-CMP- DE: "\377\223"-
#11435306	REDUCE cov: 795 ft: 2684 corp: 238/78Kb lim: 4096 exec/s: 32860 rss: 423Mb L: 3013/3684 MS: 3 ChangeBit-CopyPart-EraseBytes-
#11632858	REDUCE cov: 795 ft: 2684 corp: 238/78Kb lim: 4096 exec/s: 32768 rss: 423Mb L: 3010/3684 MS: 2 ChangeByte-EraseBytes-
#11835798	REDUCE cov: 795 ft: 2684 corp: 238/78Kb lim: 4096 exec/s: 32605 rss: 423Mb L: 1966/3684 MS: 5 ChangeBit-CMP-ChangeByte-ChangeBinInt-EraseBytes- DE: "\002\000\000\000\000\000\000\000"-
#12316756	REDUCE cov: 795 ft: 2684 corp: 238/78Kb lim: 4096 exec/s: 32158 rss: 423Mb L: 1128/3684 MS: 3 PersAutoDict-EraseBytes-InsertByte- DE: "\330\005\261\316\372\344?\221eF\013\274A\\\215O\030\367\362\245=\024\035\246\335\353h\273\333S\341\361"-
#12456557	REDUCE cov: 795 ft: 2684 corp: 238/78Kb lim: 4096 exec/s: 31858 rss: 423Mb L: 54/3684 MS: 1 EraseBytes-
#12692339	REDUCE cov: 795 ft: 2684 corp: 238/78Kb lim: 4096 exec/s: 31416 rss: 423Mb L: 190/3684 MS: 2 EraseBytes-ChangeBinInt-
#12693377	REDUCE cov: 795 ft: 2684 corp: 238/78Kb lim: 4096 exec/s: 31419 rss: 423Mb L: 185/3684 MS: 3 CrossOver-CMP-EraseBytes- DE: "\224\012I\034\326\244\336\325\374\211\014]\327J\342\270\362\276by\021\335F\372\245D\310\0148\240\3440"-
#12695533	REDUCE cov: 795 ft: 2684 corp: 238/78Kb lim: 4096 exec/s: 31424 rss: 423Mb L: 137/3684 MS: 1 CrossOver-
#12699175	REDUCE cov: 795 ft: 2684 corp: 238/78Kb lim: 4096 exec/s: 31433 rss: 423Mb L: 93/3684 MS: 2 ChangeBit-EraseBytes-
#12701232	REDUCE cov: 795 ft: 2684 corp: 238/78Kb lim: 4096 exec/s: 31438 rss: 423Mb L: 83/3684 MS: 2 InsertByte-EraseBytes-
#12710643	REDUCE cov: 795 ft: 2684 corp: 238/77Kb lim: 4096 exec/s: 31384 rss: 423Mb L: 63/3684 MS: 1 EraseBytes-
#12715069	REDUCE cov: 795 ft: 2684 corp: 238/77Kb lim: 4096 exec/s: 31395 rss: 423Mb L: 55/3684 MS: 1 EraseBytes-
#12759725	REDUCE cov: 795 ft: 2684 corp: 238/77Kb lim: 4096 exec/s: 31273 rss: 423Mb L: 54/3684 MS: 1 EraseBytes-
#12780063	REDUCE cov: 795 ft: 2684 corp: 238/77Kb lim: 4096 exec/s: 31247 rss: 423Mb L: 3666/3666 MS: 3 EraseBytes-ChangeASCIIInt-CrossOver-
#12809939	REDUCE cov: 795 ft: 2684 corp: 238/77Kb lim: 4096 exec/s: 31243 rss: 423Mb L: 3665/3665 MS: 1 EraseBytes-
#12830026	REDUCE cov: 795 ft: 2686 corp: 239/78Kb lim: 4096 exec/s: 31216 rss: 423Mb L: 49/3665 MS: 1 EraseBytes-
#12963372	REDUCE cov: 795 ft: 2686 corp: 239/78Kb lim: 4096 exec/s: 30938 rss: 423Mb L: 52/3665 MS: 1 EraseBytes-
#12997174	REDUCE cov: 795 ft: 2686 corp: 239/78Kb lim: 4096 exec/s: 30945 rss: 423Mb L: 798/3665 MS: 2 ChangeASCIIInt-EraseBytes-
#13164168	REDUCE cov: 795 ft: 2686 corp: 239/78Kb lim: 4096 exec/s: 30685 rss: 423Mb L: 1822/3665 MS: 4 InsertByte-EraseBytes-ChangeBit-CrossOver-
#13198375	REDUCE cov: 795 ft: 2686 corp: 239/78Kb lim: 4096 exec/s: 30622 rss: 423Mb L: 2240/3665 MS: 2 ChangeBit-EraseBytes-
#13422694	REDUCE cov: 795 ft: 2686 corp: 239/78Kb lim: 4096 exec/s: 30231 rss: 423Mb L: 65/3665 MS: 4 InsertByte-EraseBytes-ChangeASCIIInt-CopyPart-
#13823300	REDUCE cov: 795 ft: 2686 corp: 239/78Kb lim: 4096 exec/s: 29727 rss: 423Mb L: 148/3665 MS: 1 EraseBytes-
#13826697	NEW    cov: 795 ft: 2687 corp: 240/78Kb lim: 4096 exec/s: 29734 rss: 423Mb L: 323/3665 MS: 2 ChangeBit-CrossOver-
#13838453	REDUCE cov: 795 ft: 2687 corp: 240/78Kb lim: 4096 exec/s: 29696 rss: 423Mb L: 794/3665 MS: 1 EraseBytes-
#13935308	REDUCE cov: 795 ft: 2687 corp: 240/78Kb lim: 4096 exec/s: 29586 rss: 423Mb L: 371/3665 MS: 5 PersAutoDict-ChangeBinInt-ShuffleBytes-PersAutoDict-EraseBytes- DE: "\001\000\000\000\000\000\000\000"-"\330\005\261\316\372\344?\221eF\013\274A\\\215O\030\367\362\245=\024\035\246\335\353h\273\333S\341\361"-
#14483660	REDUCE cov: 795 ft: 2687 corp: 240/78Kb lim: 4096 exec/s: 28851 rss: 423Mb L: 51/3665 MS: 2 ShuffleBytes-EraseBytes-
#14665856	REDUCE cov: 795 ft: 2689 corp: 241/78Kb lim: 4096 exec/s: 28477 rss: 423Mb L: 149/3665 MS: 1 InsertByte-
#14903193	REDUCE cov: 795 ft: 2689 corp: 241/78Kb lim: 4096 exec/s: 28279 rss: 423Mb L: 322/3665 MS: 2 EraseBytes-CopyPart-
#15058861	REDUCE cov: 795 ft: 2689 corp: 241/78Kb lim: 4096 exec/s: 28094 rss: 423Mb L: 321/3665 MS: 3 PersAutoDict-ChangeBit-EraseBytes- DE: "\023\000\000\000"-
#15171434	REDUCE cov: 795 ft: 2689 corp: 241/78Kb lim: 4096 exec/s: 28043 rss: 423Mb L: 52/3665 MS: 3 ChangeByte-ChangeBit-EraseBytes-
#15975889	NEW    cov: 795 ft: 2690 corp: 242/81Kb lim: 4096 exec/s: 27216 rss: 423Mb L: 3479/3665 MS: 5 PersAutoDict-CopyPart-InsertRepeatedBytes-CopyPart-InsertByte- DE: "\024\000"-
#16009227	REDUCE cov: 795 ft: 2691 corp: 243/81Kb lim: 4096 exec/s: 27180 rss: 423Mb L: 180/3665 MS: 3 PersAutoDict-ChangeByte-CrossOver- DE: "N\217SRX\026\367\322Sox$L\254\006\234\341\222\325\365\225\351q%\227\326\337\210\314\256\232\222"-
#16241874	REDUCE cov: 795 ft: 2691 corp: 243/81Kb lim: 4096 exec/s: 26757 rss: 423Mb L: 65/3665 MS: 2 ChangeASCIIInt-EraseBytes-
#16556751	REDUCE cov: 795 ft: 2691 corp: 243/81Kb lim: 4096 exec/s: 26073 rss: 423Mb L: 50/3665 MS: 2 ShuffleBytes-EraseBytes-
#16696314	REDUCE cov: 795 ft: 2691 corp: 243/81Kb lim: 4096 exec/s: 25805 rss: 423Mb L: 1766/3665 MS: 3 ShuffleBytes-ChangeBit-EraseBytes-
#16777216	pulse  cov: 795 ft: 2691 corp: 243/81Kb lim: 4096 exec/s: 25731 rss: 423Mb
#17095984	REDUCE cov: 795 ft: 2691 corp: 243/81Kb lim: 4096 exec/s: 25516 rss: 423Mb L: 64/3665 MS: 5 InsertByte-InsertByte-ShuffleBytes-EraseBytes-ChangeASCIIInt-
#17212506	REDUCE cov: 795 ft: 2691 corp: 243/81Kb lim: 4096 exec/s: 25424 rss: 423Mb L: 61/3665 MS: 2 ChangeASCIIInt-EraseBytes-
#17260118	REDUCE cov: 795 ft: 2691 corp: 243/81Kb lim: 4096 exec/s: 25419 rss: 423Mb L: 2860/3665 MS: 2 ChangeByte-EraseBytes-
