    Blocking waiting for file lock on package cache
    Blocking waiting for file lock on package cache
    Blocking waiting for file lock on package cache
    Blocking waiting for file lock on package cache
    Blocking waiting for file lock on build directory
    Finished `release` profile [optimized + debuginfo] target(s) in 0.26s
warning: the following packages contain code that will be rejected by a future version of Rust: halo2_gadgets v0.5.0, primitive-types v0.12.2
note: to see what the problems were, use the option `--future-incompat-report`, or run `cargo report future-incompatibilities --id 1`
    Blocking waiting for file lock on package cache
    Blocking waiting for file lock on package cache
    Blocking waiting for file lock on package cache
    Finished `release` profile [optimized + debuginfo] target(s) in 0.18s
    Blocking waiting for file lock on package cache
warning: the following packages contain code that will be rejected by a future version of Rust: halo2_gadgets v0.5.0, primitive-types v0.12.2
note: to see what the problems were, use the option `--future-incompat-report`, or run `cargo report future-incompatibilities --id 1`
     Running `fuzz/target/x86_64-unknown-linux-gnu/release/utxo_proof_decode -artifact_prefix=/home/blocknodes/ztreexo/fuzz/artifacts/utxo_proof_decode/ -max_total_time=259200 -rss_limit_mb=4096 -print_final_stats=1 /home/blocknodes/ztreexo/fuzz/corpus/utxo_proof_decode`
INFO: Running with entropic power schedule (0xFF, 100).
INFO: Seed: 3514907004
INFO: Loaded 1 modules   (1021 inline 8-bit counters): 1021 [0x628f78a65cb0, 0x628f78a660ad), 
INFO: Loaded 1 PC tables (1021 PCs): 1021 [0x628f78a660b0,0x628f78a6a080), 
INFO:       82 files found in /home/blocknodes/ztreexo/fuzz/corpus/utxo_proof_decode
INFO: -max_len is not provided; libFuzzer will not generate inputs larger than 4096 bytes
INFO: seed corpus: files: 82 min: 1b max: 414b total: 5688b rss: 57Mb
#83	INITED cov: 181 ft: 419 corp: 67/4612b exec/s: 0 rss: 57Mb
#101	NEW    cov: 184 ft: 422 corp: 68/4634b lim: 414 exec/s: 0 rss: 57Mb L: 22/414 MS: 3 CopyPart-ChangeBinInt-CopyPart-
#297	REDUCE cov: 184 ft: 422 corp: 68/4629b lim: 414 exec/s: 0 rss: 57Mb L: 19/414 MS: 1 EraseBytes-
#801	REDUCE cov: 184 ft: 422 corp: 68/4626b lim: 414 exec/s: 0 rss: 57Mb L: 19/414 MS: 4 CopyPart-EraseBytes-EraseBytes-EraseBytes-
#2447	REDUCE cov: 184 ft: 422 corp: 68/4624b lim: 430 exec/s: 0 rss: 57Mb L: 17/414 MS: 1 EraseBytes-
#4988	REDUCE cov: 184 ft: 422 corp: 68/4621b lim: 454 exec/s: 0 rss: 57Mb L: 14/414 MS: 1 EraseBytes-
#5539	REDUCE cov: 184 ft: 422 corp: 68/4614b lim: 454 exec/s: 0 rss: 57Mb L: 7/414 MS: 1 EraseBytes-
#5870	REDUCE cov: 184 ft: 422 corp: 68/4612b lim: 454 exec/s: 0 rss: 57Mb L: 5/414 MS: 1 EraseBytes-
#6086	REDUCE cov: 184 ft: 422 corp: 68/4610b lim: 454 exec/s: 0 rss: 57Mb L: 3/414 MS: 1 EraseBytes-
#6353	REDUCE cov: 184 ft: 422 corp: 68/4609b lim: 454 exec/s: 0 rss: 57Mb L: 2/414 MS: 2 ChangeBit-EraseBytes-
#7761	REDUCE cov: 184 ft: 422 corp: 68/4608b lim: 462 exec/s: 0 rss: 57Mb L: 1/414 MS: 3 ChangeByte-ChangeByte-EraseBytes-
#9243	REDUCE cov: 184 ft: 422 corp: 68/4604b lim: 470 exec/s: 0 rss: 57Mb L: 20/414 MS: 2 ChangeBinInt-EraseBytes-
#9797	REDUCE cov: 184 ft: 422 corp: 68/4603b lim: 470 exec/s: 0 rss: 57Mb L: 18/414 MS: 4 CMP-CrossOver-CrossOver-CrossOver- DE: "\001\000"-
#11461	REDUCE cov: 184 ft: 422 corp: 68/4602b lim: 486 exec/s: 0 rss: 57Mb L: 83/414 MS: 4 CrossOver-ChangeByte-ShuffleBytes-EraseBytes-
#36199	REDUCE cov: 184 ft: 422 corp: 68/4600b lim: 725 exec/s: 0 rss: 74Mb L: 81/414 MS: 3 ChangeBit-InsertByte-EraseBytes-
#37531	REDUCE cov: 184 ft: 422 corp: 68/4598b lim: 734 exec/s: 0 rss: 75Mb L: 33/414 MS: 2 InsertByte-EraseBytes-
#40602	REDUCE cov: 184 ft: 422 corp: 68/4594b lim: 761 exec/s: 0 rss: 78Mb L: 20/414 MS: 1 EraseBytes-
#44123	REDUCE cov: 184 ft: 422 corp: 68/4593b lim: 788 exec/s: 0 rss: 81Mb L: 350/414 MS: 1 EraseBytes-
#96981	REDUCE cov: 184 ft: 422 corp: 68/4592b lim: 1311 exec/s: 0 rss: 131Mb L: 19/414 MS: 3 InsertByte-ChangeBinInt-EraseBytes-
#186657	REDUCE cov: 184 ft: 422 corp: 68/4591b lim: 2194 exec/s: 0 rss: 213Mb L: 19/414 MS: 1 EraseBytes-
#216584	REDUCE cov: 184 ft: 422 corp: 68/4590b lim: 2491 exec/s: 0 rss: 239Mb L: 18/414 MS: 2 CopyPart-EraseBytes-
#979818	REDUCE cov: 184 ft: 422 corp: 68/4588b lim: 4096 exec/s: 326606 rss: 429Mb L: 318/414 MS: 4 ChangeBinInt-EraseBytes-CopyPart-CopyPart-
#1048576	pulse  cov: 184 ft: 422 corp: 68/4588b lim: 4096 exec/s: 349525 rss: 429Mb
#1505550	REDUCE cov: 184 ft: 422 corp: 68/4558b lim: 4096 exec/s: 376387 rss: 429Mb L: 384/384 MS: 3 CopyPart-ShuffleBytes-EraseBytes-
#2057155	REDUCE cov: 184 ft: 439 corp: 69/5211b lim: 4096 exec/s: 342859 rss: 429Mb L: 653/653 MS: 5 InsertByte-CopyPart-InsertByte-CMP-CMP- DE: "\000\000"-"\000\000\000\000\000\000\001x"-
#2061861	REDUCE cov: 184 ft: 439 corp: 69/5206b lim: 4096 exec/s: 343643 rss: 429Mb L: 648/648 MS: 1 EraseBytes-
#2062147	REDUCE cov: 184 ft: 439 corp: 69/5204b lim: 4096 exec/s: 343691 rss: 429Mb L: 646/646 MS: 1 EraseBytes-
#2070224	REDUCE cov: 184 ft: 440 corp: 70/6451b lim: 4096 exec/s: 345037 rss: 429Mb L: 1247/1247 MS: 2 InsertByte-CopyPart-
#2070393	REDUCE cov: 184 ft: 440 corp: 70/6419b lim: 4096 exec/s: 345065 rss: 429Mb L: 1215/1215 MS: 4 ChangeByte-ChangeByte-ShuffleBytes-EraseBytes-
#2071707	REDUCE cov: 184 ft: 440 corp: 70/6239b lim: 4096 exec/s: 345284 rss: 429Mb L: 1035/1035 MS: 4 InsertRepeatedBytes-InsertByte-PersAutoDict-EraseBytes- DE: "\001\000"-
#2073585	REDUCE cov: 184 ft: 440 corp: 70/6117b lim: 4096 exec/s: 345597 rss: 430Mb L: 913/913 MS: 3 InsertRepeatedBytes-ChangeBinInt-EraseBytes-
#2080188	REDUCE cov: 184 ft: 440 corp: 70/6083b lim: 4096 exec/s: 346698 rss: 431Mb L: 879/879 MS: 3 PersAutoDict-InsertByte-EraseBytes- DE: "\001\000"-
#2084445	REDUCE cov: 184 ft: 440 corp: 70/6029b lim: 4096 exec/s: 347407 rss: 432Mb L: 825/825 MS: 2 ShuffleBytes-EraseBytes-
#2088192	REDUCE cov: 184 ft: 440 corp: 70/6000b lim: 4096 exec/s: 348032 rss: 434Mb L: 617/825 MS: 2 ChangeBit-EraseBytes-
#2092368	REDUCE cov: 184 ft: 440 corp: 70/5972b lim: 4096 exec/s: 348728 rss: 437Mb L: 797/797 MS: 1 EraseBytes-
#2097152	pulse  cov: 184 ft: 440 corp: 70/5972b lim: 4096 exec/s: 349525 rss: 438Mb
#2131710	REDUCE cov: 184 ft: 440 corp: 70/5968b lim: 4096 exec/s: 304530 rss: 447Mb L: 613/797 MS: 2 ShuffleBytes-EraseBytes-
#2135061	REDUCE cov: 184 ft: 440 corp: 70/5963b lim: 4096 exec/s: 305008 rss: 449Mb L: 792/792 MS: 1 EraseBytes-
#2156647	REDUCE cov: 184 ft: 440 corp: 70/5962b lim: 4096 exec/s: 308092 rss: 455Mb L: 383/792 MS: 1 EraseBytes-
#2158373	REDUCE cov: 184 ft: 440 corp: 70/5961b lim: 4096 exec/s: 308339 rss: 457Mb L: 382/792 MS: 1 EraseBytes-
#2173420	REDUCE cov: 184 ft: 440 corp: 70/5960b lim: 4096 exec/s: 310488 rss: 460Mb L: 612/792 MS: 2 ChangeBit-EraseBytes-
#2174666	REDUCE cov: 184 ft: 440 corp: 70/5958b lim: 4096 exec/s: 310666 rss: 461Mb L: 610/792 MS: 1 EraseBytes-
#2363876	REDUCE cov: 184 ft: 440 corp: 70/5934b lim: 4096 exec/s: 337696 rss: 500Mb L: 768/768 MS: 5 ChangeBit-ChangeBit-InsertByte-InsertByte-EraseBytes-
#2366049	REDUCE cov: 184 ft: 440 corp: 70/5933b lim: 4096 exec/s: 338007 rss: 500Mb L: 767/767 MS: 3 ShuffleBytes-CopyPart-EraseBytes-
#2464870	REDUCE cov: 184 ft: 440 corp: 70/5929b lim: 4096 exec/s: 246487 rss: 502Mb L: 606/767 MS: 1 EraseBytes-
#2668292	REDUCE cov: 184 ft: 440 corp: 70/5928b lim: 4096 exec/s: 266829 rss: 503Mb L: 766/766 MS: 1 EraseBytes-
#3409249	REDUCE cov: 184 ft: 440 corp: 70/5927b lim: 4096 exec/s: 243517 rss: 552Mb L: 84/766 MS: 2 ChangeBinInt-EraseBytes-
#3453360	REDUCE cov: 184 ft: 440 corp: 70/5926b lim: 4096 exec/s: 230224 rss: 553Mb L: 83/766 MS: 1 EraseBytes-
#3493814	REDUCE cov: 184 ft: 440 corp: 70/5923b lim: 4096 exec/s: 232920 rss: 553Mb L: 80/766 MS: 3 EraseBytes-ShuffleBytes-ChangeBinInt-
#3526658	REDUCE cov: 184 ft: 440 corp: 70/5893b lim: 4096 exec/s: 235110 rss: 553Mb L: 352/766 MS: 4 InsertByte-ShuffleBytes-CopyPart-EraseBytes-
#3618411	REDUCE cov: 184 ft: 440 corp: 70/5892b lim: 4096 exec/s: 226150 rss: 553Mb L: 351/766 MS: 3 ChangeBit-ChangeBinInt-EraseBytes-
#3845089	REDUCE cov: 184 ft: 440 corp: 70/5800b lim: 4096 exec/s: 226181 rss: 553Mb L: 674/674 MS: 1 EraseBytes-
#3878195	REDUCE cov: 184 ft: 440 corp: 70/5799b lim: 4096 exec/s: 228129 rss: 553Mb L: 350/674 MS: 1 EraseBytes-
#4149913	REDUCE cov: 184 ft: 440 corp: 70/5796b lim: 4096 exec/s: 218416 rss: 553Mb L: 671/671 MS: 2 InsertRepeatedBytes-EraseBytes-
#4163385	REDUCE cov: 184 ft: 440 corp: 70/5795b lim: 4096 exec/s: 219125 rss: 553Mb L: 670/670 MS: 2 ChangeBinInt-EraseBytes-
#4194304	pulse  cov: 184 ft: 440 corp: 70/5795b lim: 4096 exec/s: 220752 rss: 553Mb
#4241517	REDUCE cov: 184 ft: 448 corp: 71/6479b lim: 4096 exec/s: 223237 rss: 553Mb L: 684/684 MS: 2 CrossOver-PersAutoDict- DE: "\000\000\000\000\000\000\001x"-
#4249393	REDUCE cov: 184 ft: 448 corp: 71/6468b lim: 4096 exec/s: 223652 rss: 553Mb L: 673/673 MS: 1 EraseBytes-
#4435974	REDUCE cov: 184 ft: 448 corp: 71/6445b lim: 4096 exec/s: 221798 rss: 553Mb L: 650/670 MS: 1 EraseBytes-
#4440372	REDUCE cov: 184 ft: 448 corp: 71/6439b lim: 4096 exec/s: 222018 rss: 553Mb L: 74/670 MS: 3 EraseBytes-ShuffleBytes-CMP- DE: "8\000\000\000\000\000\000\000"-
#4459113	REDUCE cov: 184 ft: 448 corp: 71/6438b lim: 4096 exec/s: 222955 rss: 553Mb L: 73/670 MS: 1 EraseBytes-
#4629676	REDUCE cov: 184 ft: 448 corp: 71/6410b lim: 4096 exec/s: 220460 rss: 553Mb L: 642/650 MS: 2 ChangeByte-EraseBytes-
#4670579	REDUCE cov: 184 ft: 448 corp: 71/6408b lim: 4096 exec/s: 212299 rss: 553Mb L: 640/650 MS: 3 ShuffleBytes-CrossOver-EraseBytes-
#4801040	REDUCE cov: 184 ft: 448 corp: 71/6402b lim: 4096 exec/s: 218229 rss: 553Mb L: 312/650 MS: 5 ShuffleBytes-InsertRepeatedBytes-ChangeBit-PersAutoDict-EraseBytes- DE: "8\000\000\000\000\000\000\000"-
#4815742	REDUCE cov: 184 ft: 448 corp: 71/6393b lim: 4096 exec/s: 218897 rss: 553Mb L: 303/650 MS: 2 ChangeByte-EraseBytes-
#4847480	REDUCE cov: 184 ft: 448 corp: 71/6387b lim: 4096 exec/s: 210760 rss: 553Mb L: 297/650 MS: 3 ChangeBit-InsertRepeatedBytes-EraseBytes-
#5243614	REDUCE cov: 184 ft: 448 corp: 71/6375b lim: 4096 exec/s: 209744 rss: 553Mb L: 338/650 MS: 2 EraseBytes-PersAutoDict- DE: "8\000\000\000\000\000\000\000"-
#5256551	REDUCE cov: 184 ft: 448 corp: 71/6368b lim: 4096 exec/s: 210262 rss: 553Mb L: 331/650 MS: 2 ShuffleBytes-EraseBytes-
#5351627	REDUCE cov: 184 ft: 448 corp: 71/6367b lim: 4096 exec/s: 214065 rss: 553Mb L: 330/650 MS: 1 EraseBytes-
#5469224	REDUCE cov: 184 ft: 448 corp: 71/6366b lim: 4096 exec/s: 210354 rss: 553Mb L: 639/650 MS: 5 CMP-ChangeBinInt-CrossOver-CopyPart-EraseBytes- DE: "8\000\000\000\000\000\000\000"-
#5677017	REDUCE cov: 184 ft: 448 corp: 71/6365b lim: 4096 exec/s: 210259 rss: 553Mb L: 329/650 MS: 1 EraseBytes-
#6058127	REDUCE cov: 184 ft: 448 corp: 71/6364b lim: 4096 exec/s: 208900 rss: 553Mb L: 638/650 MS: 5 ShuffleBytes-PersAutoDict-CrossOver-ChangeBinInt-EraseBytes- DE: "8\000\000\000\000\000\000\000"-
#6227190	REDUCE cov: 184 ft: 448 corp: 71/6363b lim: 4096 exec/s: 207573 rss: 553Mb L: 26/650 MS: 3 ShuffleBytes-EraseBytes-ChangeBit-
#6234466	REDUCE cov: 184 ft: 448 corp: 71/6362b lim: 4096 exec/s: 201111 rss: 553Mb L: 25/650 MS: 1 EraseBytes-
#6240559	REDUCE cov: 184 ft: 448 corp: 71/6353b lim: 4096 exec/s: 201308 rss: 553Mb L: 341/650 MS: 3 ShuffleBytes-PersAutoDict-EraseBytes- DE: "8\000\000\000\000\000\000\000"-
#6246320	REDUCE cov: 184 ft: 448 corp: 71/6351b lim: 4096 exec/s: 201494 rss: 553Mb L: 339/650 MS: 1 EraseBytes-
#6288588	REDUCE cov: 184 ft: 448 corp: 71/6350b lim: 4096 exec/s: 202857 rss: 553Mb L: 338/650 MS: 1 EraseBytes-
#6324967	REDUCE cov: 184 ft: 448 corp: 71/6345b lim: 4096 exec/s: 204031 rss: 553Mb L: 333/650 MS: 4 ChangeBinInt-ChangeByte-CopyPart-EraseBytes-
#6347923	REDUCE cov: 184 ft: 448 corp: 71/6343b lim: 4096 exec/s: 204771 rss: 553Mb L: 331/650 MS: 1 EraseBytes-
#6375909	REDUCE cov: 184 ft: 448 corp: 71/6341b lim: 4096 exec/s: 205674 rss: 553Mb L: 329/650 MS: 1 EraseBytes-
#6380397	REDUCE cov: 184 ft: 448 corp: 71/6338b lim: 4096 exec/s: 205819 rss: 553Mb L: 326/650 MS: 3 ChangeBit-ChangeASCIIInt-EraseBytes-
#6507540	REDUCE cov: 184 ft: 448 corp: 71/6337b lim: 4096 exec/s: 203360 rss: 553Mb L: 325/650 MS: 3 InsertByte-ShuffleBytes-EraseBytes-
#8151755	REDUCE cov: 184 ft: 448 corp: 71/6336b lim: 4096 exec/s: 198823 rss: 553Mb L: 328/650 MS: 2 EraseBytes-ChangeASCIIInt-
#8388608	pulse  cov: 184 ft: 448 corp: 71/6336b lim: 4096 exec/s: 199728 rss: 553Mb
#8447306	REDUCE cov: 184 ft: 448 corp: 71/6334b lim: 4096 exec/s: 196448 rss: 553Mb L: 326/650 MS: 1 EraseBytes-
#8592944	REDUCE cov: 184 ft: 448 corp: 71/6332b lim: 4096 exec/s: 195294 rss: 553Mb L: 323/650 MS: 3 EraseBytes-ChangeASCIIInt-CopyPart-
#9442251	REDUCE cov: 184 ft: 448 corp: 71/6331b lim: 4096 exec/s: 196713 rss: 553Mb L: 325/650 MS: 1 EraseBytes-
#10273372	REDUCE cov: 184 ft: 448 corp: 71/6330b lim: 4096 exec/s: 193837 rss: 553Mb L: 324/650 MS: 1 EraseBytes-
#11325170	REDUCE cov: 184 ft: 448 corp: 71/6329b lim: 4096 exec/s: 195261 rss: 553Mb L: 33/650 MS: 2 EraseBytes-ChangeBit-
#16261620	REDUCE cov: 184 ft: 448 corp: 71/6328b lim: 4096 exec/s: 191313 rss: 553Mb L: 84/650 MS: 5 EraseBytes-CMP-ChangeBit-ShuffleBytes-ChangeBinInt- DE: "\000\000\000\000"-
#16295531	REDUCE cov: 184 ft: 448 corp: 71/6327b lim: 4096 exec/s: 191712 rss: 553Mb L: 83/650 MS: 1 EraseBytes-
#16777216	pulse  cov: 184 ft: 448 corp: 71/6327b lim: 4096 exec/s: 190650 rss: 553Mb
#19631241	REDUCE cov: 184 ft: 448 corp: 71/6324b lim: 4096 exec/s: 190594 rss: 553Mb L: 70/650 MS: 4 CopyPart-ChangeASCIIInt-EraseBytes-CopyPart-
#19689728	REDUCE cov: 184 ft: 448 corp: 71/6323b lim: 4096 exec/s: 191162 rss: 553Mb L: 322/650 MS: 2 EraseBytes-ChangeASCIIInt-
#19705414	REDUCE cov: 184 ft: 448 corp: 71/6322b lim: 4096 exec/s: 191314 rss: 553Mb L: 69/650 MS: 1 EraseBytes-
#20833043	REDUCE cov: 184 ft: 448 corp: 71/6318b lim: 4096 exec/s: 191128 rss: 553Mb L: 65/650 MS: 2 ChangeByte-EraseBytes-
#20835234	REDUCE cov: 184 ft: 448 corp: 71/6317b lim: 4096 exec/s: 191148 rss: 553Mb L: 64/650 MS: 1 EraseBytes-
#20842310	REDUCE cov: 184 ft: 448 corp: 71/6304b lim: 4096 exec/s: 191213 rss: 553Mb L: 51/650 MS: 1 EraseBytes-
#20882830	REDUCE cov: 184 ft: 448 corp: 71/6301b lim: 4096 exec/s: 189843 rss: 553Mb L: 48/650 MS: 1 EraseBytes-
#21153558	REDUCE cov: 184 ft: 448 corp: 71/6300b lim: 4096 exec/s: 188871 rss: 553Mb L: 97/650 MS: 3 ChangeBinInt-PersAutoDict-EraseBytes- DE: "\000\000\000\000\000\000\001x"-
#21165661	REDUCE cov: 184 ft: 448 corp: 71/6299b lim: 4096 exec/s: 188979 rss: 553Mb L: 96/650 MS: 3 InsertByte-ShuffleBytes-EraseBytes-
#26060986	REDUCE cov: 184 ft: 448 corp: 71/6294b lim: 4096 exec/s: 188847 rss: 553Mb L: 91/650 MS: 3 ShuffleBytes-ChangeBinInt-EraseBytes-
#26139941	REDUCE cov: 184 ft: 448 corp: 71/6293b lim: 4096 exec/s: 188057 rss: 553Mb L: 90/650 MS: 3 InsertByte-InsertByte-EraseBytes-
#27019994	REDUCE cov: 184 ft: 448 corp: 71/6290b lim: 4096 exec/s: 188951 rss: 553Mb L: 45/650 MS: 2 EraseBytes-CMP- DE: "\034\000\000\000\000\000\000\000"-
