    Blocking waiting for file lock on package cache
    Blocking waiting for file lock on package cache
    Blocking waiting for file lock on package cache
    Blocking waiting for file lock on package cache
    Blocking waiting for file lock on build directory
    Finished `release` profile [optimized + debuginfo] target(s) in 0.30s
warning: the following packages contain code that will be rejected by a future version of Rust: halo2_gadgets v0.5.0, primitive-types v0.12.2
note: to see what the problems were, use the option `--future-incompat-report`, or run `cargo report future-incompatibilities --id 1`
    Blocking waiting for file lock on package cache
    Blocking waiting for file lock on package cache
    Blocking waiting for file lock on package cache
    Blocking waiting for file lock on build directory
    Finished `release` profile [optimized + debuginfo] target(s) in 0.24s
warning: the following packages contain code that will be rejected by a future version of Rust: halo2_gadgets v0.5.0, primitive-types v0.12.2
note: to see what the problems were, use the option `--future-incompat-report`, or run `cargo report future-incompatibilities --id 1`
     Running `fuzz/target/x86_64-unknown-linux-gnu/release/wire_request_decode -artifact_prefix=/home/blocknodes/ztreexo/fuzz/artifacts/wire_request_decode/ -max_total_time=259200 -rss_limit_mb=4096 -print_final_stats=1 /home/blocknodes/ztreexo/fuzz/corpus/wire_request_decode`
INFO: Running with entropic power schedule (0xFF, 100).
INFO: Seed: 3539990557
INFO: Loaded 1 modules   (735 inline 8-bit counters): 735 [0x5ba313c172d0, 0x5ba313c175af), 
INFO: Loaded 1 PC tables (735 PCs): 735 [0x5ba313c175b0,0x5ba313c1a3a0), 
INFO:       18 files found in /home/blocknodes/ztreexo/fuzz/corpus/wire_request_decode
INFO: -max_len is not provided; libFuzzer will not generate inputs larger than 4096 bytes
INFO: seed corpus: files: 18 min: 1b max: 204b total: 365b rss: 58Mb
#19	INITED cov: 111 ft: 145 corp: 14/118b exec/s: 0 rss: 58Mb
#2097152	pulse  cov: 111 ft: 145 corp: 14/118b lim: 4096 exec/s: 1048576 rss: 220Mb
#4194304	pulse  cov: 111 ft: 145 corp: 14/118b lim: 4096 exec/s: 838860 rss: 406Mb
#8388608	pulse  cov: 111 ft: 145 corp: 14/118b lim: 4096 exec/s: 838860 rss: 565Mb
#16777216	pulse  cov: 111 ft: 145 corp: 14/118b lim: 4096 exec/s: 762600 rss: 567Mb
#33554432	pulse  cov: 111 ft: 145 corp: 14/118b lim: 4096 exec/s: 699050 rss: 567Mb
#67108864	pulse  cov: 111 ft: 145 corp: 14/118b lim: 4096 exec/s: 657930 rss: 567Mb
#134217728	pulse  cov: 111 ft: 145 corp: 14/118b lim: 4096 exec/s: 627185 rss: 567Mb
#268435456	pulse  cov: 111 ft: 145 corp: 14/118b lim: 4096 exec/s: 566319 rss: 567Mb
#536870912	pulse  cov: 111 ft: 145 corp: 14/118b lim: 4096 exec/s: 558658 rss: 567Mb
#1073741824	pulse  cov: 111 ft: 145 corp: 14/118b lim: 4096 exec/s: 418776 rss: 567Mb
